Archive member included to satisfy reference by file (symbol)

C:/Program Files (x86)/Arm/GNU Toolchain mingw-w64-i686-arm-none-eabi/bin/../lib/gcc/arm-none-eabi/15.2.1/thumb/v7e-m+fp/hard\libgcc.a(_arm_muldf3.o)
                              task_ui.o (__aeabi_dmul)
C:/Program Files (x86)/Arm/GNU Toolchain mingw-w64-i686-arm-none-eabi/bin/../lib/gcc/arm-none-eabi/15.2.1/thumb/v7e-m+fp/hard\libgcc.a(_arm_addsubdf3.o)
                              task_ui.o (__aeabi_dadd)
C:/Program Files (x86)/Arm/GNU Toolchain mingw-w64-i686-arm-none-eabi/bin/../lib/gcc/arm-none-eabi/15.2.1/thumb/v7e-m+fp/hard\libgcc.a(_arm_truncdfsf2.o)
                              scpi_parser.o (__aeabi_d2f)
C:/Program Files (x86)/Arm/GNU Toolchain mingw-w64-i686-arm-none-eabi/bin/../lib/gcc/arm-none-eabi/15.2.1/../../../../arm-none-eabi/lib/thumb/v7e-m+fp/hard\libc_nano.a(libc_a-atof.o)
                              scpi_parser.o (atof)
C:/Program Files (x86)/Arm/GNU Toolchain mingw-w64-i686-arm-none-eabi/bin/../lib/gcc/arm-none-eabi/15.2.1/../../../../arm-none-eabi/lib/thumb/v7e-m+fp/hard\libc_nano.a(libc_a-exit.o)
                              C:/Program Files (x86)/Arm/GNU Toolchain mingw-w64-i686-arm-none-eabi/bin/../lib/gcc/arm-none-eabi/15.2.1/../../../../arm-none-eabi/lib/thumb/v7e-m+fp/hard/crt0.o (exit)
C:/Program Files (x86)/Arm/GNU Toolchain mingw-w64-i686-arm-none-eabi/bin/../lib/gcc/arm-none-eabi/15.2.1/../../../../arm-none-eabi/lib/thumb/v7e-m+fp/hard\libc_nano.a(libc_a-strtod.o)
                              C:/Program Files (x86)/Arm/GNU Toolchain mingw-w64-i686-arm-none-eabi/bin/../lib/gcc/arm-none-eabi/15.2.1/../../../../arm-none-eabi/lib/thumb/v7e-m+fp/hard\libc_nano.a(libc_a-atof.o) (strtod)
C:/Program Files (x86)/Arm/GNU Toolchain mingw-w64-i686-arm-none-eabi/bin/../lib/gcc/arm-none-eabi/15.2.1/../../../../arm-none-eabi/lib/thumb/v7e-m+fp/hard\libc_nano.a(libc_a-findfp.o)
                              C:/Program Files (x86)/Arm/GNU Toolchain mingw-w64-i686-arm-none-eabi/bin/../lib/gcc/arm-none-eabi/15.2.1/../../../../arm-none-eabi/lib/thumb/v7e-m+fp/hard\libc_nano.a(libc_a-exit.o) (__stdio_exit_handler)
C:/Program Files (x86)/Arm/GNU Toolchain mingw-w64-i686-arm-none-eabi/bin/../lib/gcc/arm-none-eabi/15.2.1/../../../../arm-none-eabi/lib/thumb/v7e-m+fp/hard\libc_nano.a(libc_a-fwalk.o)
                              C:/Program Files (x86)/Arm/GNU Toolchain mingw-w64-i686-arm-none-eabi/bin/../lib/gcc/arm-none-eabi/15.2.1/../../../../arm-none-eabi/lib/thumb/v7e-m+fp/hard\libc_nano.a(libc_a-findfp.o) (_fwalk_sglue)
C:/Program Files (x86)/Arm/GNU Toolchain mingw-w64-i686-arm-none-eabi/bin/../lib/gcc/arm-none-eabi/15.2.1/../../../../arm-none-eabi/lib/thumb/v7e-m+fp/hard\libc_nano.a(libc_a-snprintf.o)
                              lcd_hw.o (snprintf)
C:/Program Files (x86)/Arm/GNU Toolchain mingw-w64-i686-arm-none-eabi/bin/../lib/gcc/arm-none-eabi/15.2.1/../../../../arm-none-eabi/lib/thumb/v7e-m+fp/hard\libc_nano.a(libc_a-stdio.o)
                              C:/Program Files (x86)/Arm/GNU Toolchain mingw-w64-i686-arm-none-eabi/bin/../lib/gcc/arm-none-eabi/15.2.1/../../../../arm-none-eabi/lib/thumb/v7e-m+fp/hard\libc_nano.a(libc_a-findfp.o) (__sread)
C:/Program Files (x86)/Arm/GNU Toolchain mingw-w64-i686-arm-none-eabi/bin/../lib/gcc/arm-none-eabi/15.2.1/../../../../arm-none-eabi/lib/thumb/v7e-m+fp/hard\libc_nano.a(libc_a-memset.o)
                              C:/Program Files (x86)/Arm/GNU Toolchain mingw-w64-i686-arm-none-eabi/bin/../lib/gcc/arm-none-eabi/15.2.1/../../../../arm-none-eabi/lib/thumb/v7e-m+fp/hard/crt0.o (memset)
C:/Program Files (x86)/Arm/GNU Toolchain mingw-w64-i686-arm-none-eabi/bin/../lib/gcc/arm-none-eabi/15.2.1/../../../../arm-none-eabi/lib/thumb/v7e-m+fp/hard\libc_nano.a(libc_a-strncmp.o)
                              scpi_parser.o (strncmp)
C:/Program Files (x86)/Arm/GNU Toolchain mingw-w64-i686-arm-none-eabi/bin/../lib/gcc/arm-none-eabi/15.2.1/../../../../arm-none-eabi/lib/thumb/v7e-m+fp/hard\libc_nano.a(libc_a-locale.o)
                              C:/Program Files (x86)/Arm/GNU Toolchain mingw-w64-i686-arm-none-eabi/bin/../lib/gcc/arm-none-eabi/15.2.1/../../../../arm-none-eabi/lib/thumb/v7e-m+fp/hard\libc_nano.a(libc_a-strtod.o) (__global_locale)
C:/Program Files (x86)/Arm/GNU Toolchain mingw-w64-i686-arm-none-eabi/bin/../lib/gcc/arm-none-eabi/15.2.1/../../../../arm-none-eabi/lib/thumb/v7e-m+fp/hard\libc_nano.a(libc_a-closer.o)
                              C:/Program Files (x86)/Arm/GNU Toolchain mingw-w64-i686-arm-none-eabi/bin/../lib/gcc/arm-none-eabi/15.2.1/../../../../arm-none-eabi/lib/thumb/v7e-m+fp/hard\libc_nano.a(libc_a-stdio.o) (_close_r)
C:/Program Files (x86)/Arm/GNU Toolchain mingw-w64-i686-arm-none-eabi/bin/../lib/gcc/arm-none-eabi/15.2.1/../../../../arm-none-eabi/lib/thumb/v7e-m+fp/hard\libc_nano.a(libc_a-reent.o)
[...]
Memory Configuration

Name             Origin             Length             Attributes
RAM              0x20000000         0x00003000         xrw
CCMRAM           0x10000000         0x00001000         rw
FLASH            0x08000000         0x00010000         xr
*default*        0x00000000         0xffffffff

Linker script and memory map

LOAD C:/Program Files (x86)/Arm/GNU Toolchain mingw-w64-i686-arm-none-eabi/bin/../lib/gcc/arm-none-eabi/15.2.1/thumb/v7e-m+fp/hard/crti.o
LOAD C:/Program Files (x86)/Arm/GNU Toolchain mingw-w64-i686-arm-none-eabi/bin/../lib/gcc/arm-none-eabi/15.2.1/thumb/v7e-m+fp/hard/crtbegin.o
LOAD C:/Program Files (x86)/Arm/GNU Toolchain mingw-w64-i686-arm-none-eabi/bin/../lib/gcc/arm-none-eabi/15.2.1/../../../../arm-none-eabi/lib/thumb/v7e-m+fp/hard/crt0.o
LOAD adc.o
LOAD adc_hw.o
LOAD arm_pid_init_f32.o
LOAD circular_buffer.o
LOAD comm_buffers.o
LOAD dma.o
LOAD error_handler.o
LOAD gpio.o
LOAD hrtim.o
LOAD hrtim_hw.o
LOAD i2c_hw.o
LOAD lcd_hw.o
LOAD main.o
LOAD oled_hw.o
LOAD pid_controller.o
LOAD scheduler.o
LOAD scpi_parser.o
LOAD startup_stm32f334x8.o
LOAD stm32f3xx_hal.o
LOAD stm32f3xx_hal_adc.o
LOAD stm32f3xx_hal_adc_ex.o
LOAD stm32f3xx_hal_cortex.o
LOAD stm32f3xx_hal_dma.o
LOAD stm32f3xx_hal_flash.o
LOAD stm32f3xx_hal_flash_ex.o
LOAD stm32f3xx_hal_gpio.o
LOAD stm32f3xx_hal_hrtim.o
LOAD stm32f3xx_hal_i2c.o
LOAD stm32f3xx_hal_i2c_ex.o
LOAD stm32f3xx_hal_msp.o
LOAD stm32f3xx_hal_pwr.o
LOAD stm32f3xx_hal_pwr_ex.o
LOAD stm32f3xx_hal_rcc.o
LOAD stm32f3xx_hal_rcc_ex.o
LOAD stm32f3xx_hal_tim.o
LOAD stm32f3xx_hal_tim_ex.o
LOAD stm32f3xx_hal_uart.o
LOAD stm32f3xx_hal_uart_ex.o
LOAD stm32f3xx_it.o
LOAD syscalls.o
LOAD system_stm32f3xx.o
LOAD task_comm.o
LOAD task_control.o
LOAD task_system.o
LOAD task_ui.o
LOAD usart.o
LOAD usart_hw.o
START GROUP
LOAD C:/Program Files (x86)/Arm/GNU Toolchain mingw-w64-i686-arm-none-eabi/bin/../lib/gcc/arm-none-eabi/15.2.1/thumb/v7e-m+fp/hard\libgcc.a
LOAD C:/Program Files (x86)/Arm/GNU Toolchain mingw-w64-i686-arm-none-eabi/bin/../lib/gcc/arm-none-eabi/15.2.1/../../../../arm-none-eabi/lib/thumb/v7e-m+fp/hard\libc_nano.a
END GROUP
START GROUP
LOAD C:/Program Files (x86)/Arm/GNU Toolchain mingw-w64-i686-arm-none-eabi/bin/../lib/gcc/arm-none-eabi/15.2.1/thumb/v7e-m+fp/hard\libgcc.a
LOAD C:/Program Files (x86)/Arm/GNU Toolchain mingw-w64-i686-arm-none-eabi/bin/../lib/gcc/arm-none-eabi/15.2.1/../../../../arm-none-eabi/lib/thumb/v7e-m+fp/hard\libc_nano.a
LOAD C:/Program Files (x86)/Arm/GNU Toolchain mingw-w64-i686-arm-none-eabi/bin/../lib/gcc/arm-none-eabi/15.2.1/../../../../arm-none-eabi/lib/thumb/v7e-m+fp/hard\libnosys.a
END GROUP
START GROUP
LOAD C:/Program Files (x86)/Arm/GNU Toolchain mingw-w64-i686-arm-none-eabi/bin/../lib/gcc/arm-none-eabi/15.2.1/thumb/v7e-m+fp/hard\libgcc.a
LOAD C:/Program Files (x86)/Arm/GNU Toolchain mingw-w64-i686-arm-none-eabi/bin/../lib/gcc/arm-none-eabi/15.2.1/../../../../arm-none-eabi/lib/thumb/v7e-m+fp/hard\libc_nano.a
LOAD C:/Program Files (x86)/Arm/GNU Toolchain mingw-w64-i686-arm-none-eabi/bin/../lib/gcc/arm-none-eabi/15.2.1/../../../../arm-none-eabi/lib/thumb/v7e-m+fp/hard\libnosys.a
END GROUP
LOAD C:/Program Files (x86)/Arm/GNU Toolchain mingw-w64-i686-arm-none-eabi/bin/../lib/gcc/arm-none-eabi/15.2.1/thumb/v7e-m+fp/hard/crtend.o
LOAD C:/Program Files (x86)/Arm/GNU Toolchain mingw-w64-i686-arm-none-eabi/bin/../lib/gcc/arm-none-eabi/15.2.1/thumb/v7e-m+fp/hard/crtn.o
                0x20003000                        _estack = 0x20003000
                0x00000800                        _Min_Heap_Size = 0x800
                0x00000200                        _Min_Stack_Size = 0x200

.isr_vector     0x08000000      0x188
                0x08000000                        . = ALIGN (0x4)
 *(.isr_vector)
 .isr_vector    0x08000000      0x188 startup_stm32f334x8.o
                0x08000000                g_pfnVectors
                0x08000188                        . = ALIGN (0x4)

.text           0x08000190     0x9dc0
                0x08000190                        . = ALIGN (0x4)
 *(.text)
 .text          0x08000190      0x378 C:/Program Files (x86)/Arm/GNU Toolchain mingw-w64-i686-arm-none-eabi/bin/../lib/gcc/arm-none-eabi/15.2.1/thumb/v7e-m+fp/hard\libgcc.a(_arm_addsubdf3.o)
                0x08000190                __aeabi_drsub
                0x08000198                __aeabi_dsub
                0x08000198                __subdf3
                0x0800019c                __aeabi_dadd
                0x0800019c                __adddf3
                0x08000414                __floatunsidf
                0x08000414                __aeabi_ui2d
                0x08000434                __floatsidf
                0x08000434                __aeabi_i2d
                0x08000458                __aeabi_f2d
                0x08000458                __extendsfdf2
                0x0800049c                __floatundidf
                0x0800049c                __aeabi_ul2d
                0x080004ac                __floatdidf
                0x080004ac                __aeabi_l2d
 .text          0x08000508       0xa0 C:/Program Files (x86)/Arm/GNU Toolchain mingw-w64-i686-arm-none-eabi/bin/../lib/gcc/arm-none-eabi/15.2.1/thumb/v7e-m+fp/hard\libgcc.a(_arm_truncdfsf2.o)
                0x08000508                __truncdfsf2
                0x08000508                __aeabi_d2f
 .text          0x080005a8       0x10 C:/Program Files (x86)/Arm/GNU Toolchain mingw-w64-i686-arm-none-eabi/bin/../lib/gcc/arm-none-eabi/15.2.1/../../../../arm-none-eabi/lib/thumb/v7e-m+fp/hard\libc_nano.a(libc_a-strlen.o)
                0x080005a8                strlen
 *fill*         0x080005b8        0x8 
 .text          0x080005c0       0xa0 C:/Program Files (x86)/Arm/GNU Toolchain mingw-w64-i686-arm-none-eabi/bin/../lib/gcc/arm-none-eabi/15.2.1/../../../../arm-none-eabi/lib/thumb/v7e-m+fp/hard\libc_nano.a(libc_a-memchr.o)
                0x080005c0                memchr
 .text          0x08000660      0x424 C:/Program Files (x86)/Arm/GNU Toolchain mingw-w64-i686-arm-none-eabi/bin/../lib/gcc/arm-none-eabi/15.2.1/thumb/v7e-m+fp/hard\libgcc.a(_arm_muldivdf3.o)
                0x08000660                __aeabi_dmul
                0x08000660                __muldf3
                0x080008b4                __divdf3
                0x080008b4                __aeabi_ddiv
 .text          0x08000a84      0x110 C:/Program Files (x86)/Arm/GNU Toolchain mingw-w64-i686-arm-none-eabi/bin/../lib/gcc/arm-none-eabi/15.2.1/thumb/v7e-m+fp/hard\libgcc.a(_arm_cmpdf2.o)
                0x08000a84                __gtdf2
                0x08000a84                __gedf2
                0x08000a8c                __ltdf2
                0x08000a8c                __ledf2
                0x08000a94                __nedf2
                0x08000a94                __eqdf2
                0x08000a94                __cmpdf2
                0x08000b10                __aeabi_cdrcmple
                0x08000b20                __aeabi_cdcmpeq
                0x08000b20                __aeabi_cdcmple
                0x08000b30                __aeabi_dcmpeq
                0x08000b44                __aeabi_dcmplt
                0x08000b58                __aeabi_dcmple
                0x08000b6c                __aeabi_dcmpge
                0x08000b80                __aeabi_dcmpgt
 .text          0x08000b94       0x40 C:/Program Files (x86)/Arm/GNU Toolchain mingw-w64-i686-arm-none-eabi/bin/../lib/gcc/arm-none-eabi/15.2.1/thumb/v7e-m+fp/hard\libgcc.a(_arm_fixunsdfsi.o)
                0x08000b94                __aeabi_d2uiz
                0x08000b94                __fixunsdfsi
 *(.text*)
 .text.deregister_tm_clones
                0x08000bd4       0x1c C:/Program Files (x86)/Arm/GNU Toolchain mingw-w64-i686-arm-none-eabi/bin/../lib/gcc/arm-none-eabi/15.2.1/thumb/v7e-m+fp/hard/crtbegin.o
 .text.register_tm_clones
                0x08000bf0       0x24 C:/Program Files (x86)/Arm/GNU Toolchain mingw-w64-i686-arm-none-eabi/bin/../lib/gcc/arm-none-eabi/15.2.1/thumb/v7e-m+fp/hard/crtbegin.o
 .text.__do_global_dtors_aux
                0x08000c14       0x28 C:/Program Files (x86)/Arm/GNU Toolchain mingw-w64-i686-arm-none-eabi/bin/../lib/gcc/arm-none-eabi/15.2.1/thumb/v7e-m+fp/hard/crtbegin.o
 .text.frame_dummy
                0x08000c3c       0x24 C:/Program Files (x86)/Arm/GNU Toolchain mingw-w64-i686-arm-none-eabi/bin/../lib/gcc/arm-none-eabi/15.2.1/thumb/v7e-m+fp/hard/crtbegin.o
 .text.MX_ADC1_Init
                0x08000c60       0xb4 adc.o
                0x08000c60                MX_ADC1_Init
 .text.MX_ADC2_Init
                0x08000d14       0x78 adc.o
                0x08000d14                MX_ADC2_Init
 *fill*         0x08000d8c        0x4 
 .text.HAL_ADC_MspInit
                0x08000d90      0x114 adc.o
                0x08000d90                HAL_ADC_MspInit
 .text.adc_hw_init
                0x08000ea4        0x4 adc_hw.o
                0x08000ea4                adc_hw_init
 .text.adc_hw_read_temperature
                0x08000ea8       0x68 adc_hw.o
                0x08000ea8                adc_hw_read_temperature
 .text.arm_pid_init_f32
                0x08000f10       0x3c arm_pid_init_f32.o
                0x08000f10                arm_pid_init_f32
 .text.cb_init  0x08000f4c       0x14 circular_buffer.o
                0x08000f4c                cb_init
 .text.cb_put   0x08000f60       0x40 circular_buffer.o
                0x08000f60                cb_put
 .text.cb_get   0x08000fa0       0x48 circular_buffer.o
                0x08000fa0                cb_get
 .text.cb_count
                0x08000fe8       0x18 circular_buffer.o
                0x08000fe8                cb_count
 .text.comm_buffers_init
                0x08001000       0x60 comm_buffers.o
                0x08001000                comm_buffers_init
 .text.comm_buffer_rx_put
                0x08001060       0x24 comm_buffers.o
                0x08001060                comm_buffer_rx_put
 .text.comm_buffer_tx_put
                0x08001084       0x38 comm_buffers.o
                0x08001084                comm_buffer_tx_put
 .text.comm_buffer_rx_count
                0x080010bc       0x1c comm_buffers.o
                0x080010bc                comm_buffer_rx_count
 .text.comm_buffer_rx_get
                0x080010d8       0x60 comm_buffers.o
                0x080010d8                comm_buffer_rx_get
 .text.comm_register_interface
                0x08001138       0x14 comm_buffers.o
                0x08001138                comm_register_interface
 .text.comm_buffer_tx_get
                0x0800114c       0x60 comm_buffers.o
                0x0800114c                comm_buffer_tx_get
 .text.MX_DMA_Init
                0x080011ac       0x54 dma.o
                0x080011ac                MX_DMA_Init
 .text.error_handler_init
                0x08001200        0xc error_handler.o
                0x08001200                error_handler_init
 .text.error_check
                0x0800120c       0x20 error_handler.o
                0x0800120c                error_check
 .text.error_clear
                0x0800122c       0x18 error_handler.o
                0x0800122c                error_clear
 .text.MX_GPIO_Init
                0x08001244      0x124 gpio.o
                0x08001244                MX_GPIO_Init
 .text.HAL_HRTIM_MspInit
                0x08001368       0x2c hrtim.o
                0x08001368                HAL_HRTIM_MspInit
 .text.HAL_HRTIM_MspPostInit
                0x08001394       0xb8 hrtim.o
                0x08001394                HAL_HRTIM_MspPostInit
 *fill*         0x0800144c        0x4 
 .text.MX_HRTIM1_Init
                0x08001450      0x4cc hrtim.o
                0x08001450                MX_HRTIM1_Init
 .text.hrtim_hw_init
                0x0800191c        0x4 hrtim_hw.o
                0x0800191c                hrtim_hw_init
 .text.hrtim_hw_set_duty
                0x08001920       0x54 hrtim_hw.o
                0x08001920                hrtim_hw_set_duty
 .text.hrtim_hw_start
                0x08001974        0xc hrtim_hw.o
                0x08001974                hrtim_hw_start
 .text.i2c_hw_init
                0x08001980       0x88 i2c_hw.o
                0x08001980                i2c_hw_init
 .text.SystemClock_Config
                0x08001a08       0x80 main.o
                0x08001a08                SystemClock_Config
 .text.startup.main
                0x08001a88       0x90 main.o
                0x08001a88                main
 .text.Error_Handler
                0x08001b18        0x4 main.o
                0x08001b18                Error_Handler
 .text.assert_failed
                0x08001b1c        0x4 main.o
                0x08001b1c                assert_failed
 .text.oled_hw_clear
                0x08001b20       0x10 oled_hw.o
                0x08001b20                oled_hw_clear
 .text.oled_hw_update
                0x08001b30       0x94 oled_hw.o
                0x08001b30                oled_hw_update
 .text.oled_hw_init
                0x08001bc4      0x1f8 oled_hw.o
                0x08001bc4                oled_hw_init
 .text.oled_hw_print_str
                0x08001dbc       0x68 oled_hw.o
                0x08001dbc                oled_hw_print_str
 .text.oled_hw_print_str_at
                0x08001e24       0x68 oled_hw.o
                0x08001e24                oled_hw_print_str_at
 .text.oled_hw_print_float_at
                0x08001e8c       0xa8 oled_hw.o
                0x08001e8c                oled_hw_print_float_at
 .text.get_temp_pid_instance
                0x08001f34        0x8 pid_controller.o
                0x08001f34                get_temp_pid_instance
 .text.pid_init
                0x08001f3c       0x38 pid_controller.o
                0x08001f3c                pid_init
 .text.pid_set_limits
                0x08001f74        0xc pid_controller.o
                0x08001f74                pid_set_limits
 .text.pid_compute
                0x08001f80       0x74 pid_controller.o
                0x08001f80                pid_compute
 .text.pid_set_setpoint
                0x08001ff4        0x8 pid_controller.o
                0x08001ff4                pid_set_setpoint
 .text.pid_set_kp
                0x08001ffc        0xc pid_controller.o
                0x08001ffc                pid_set_kp
 .text.pid_set_ki
                0x08002008        0xc pid_controller.o
                0x08002008                pid_set_ki
 .text.pid_set_kd
                0x08002014        0xc pid_controller.o
                0x08002014                pid_set_kd
 .text.pid_get_setpoint
                0x08002020        0x8 pid_controller.o
                0x08002020                pid_get_setpoint
 .text.pid_get_kp
                0x08002028        0x8 pid_controller.o
                0x08002028                pid_get_kp
 .text.pid_get_ki
                0x08002030        0x8 pid_controller.o
                0x08002030                pid_get_ki
 .text.pid_get_kd
                0x08002038        0x8 pid_controller.o
                0x08002038                pid_get_kd
 .text.scheduler_init
                0x08002040       0x10 scheduler.o
                0x08002040                scheduler_init
 .text.scheduler_add_task
                0x08002050       0x24 scheduler.o
                0x08002050                scheduler_add_task
 .text.scheduler_run
                0x08002074       0x54 scheduler.o
                0x08002074                scheduler_run
 .text.scheduler_systick_handler
                0x080020c8       0x2c scheduler.o
                0x080020c8                scheduler_systick_handler
 .text.set_kp_callback
                0x080020f4       0x1c scpi_parser.o
                0x080020f4                set_kp_callback
 .text.set_ki_callback
                0x08002110       0x1c scpi_parser.o
                0x08002110                set_ki_callback
 .text.set_kd_callback
                0x0800212c       0x1c scpi_parser.o
                0x0800212c                set_kd_callback
 .text.get_kp_callback
                0x08002148       0x10 scpi_parser.o
                0x08002148                get_kp_callback
 .text.get_ki_callback
                0x08002158       0x10 scpi_parser.o
                0x08002158                get_ki_callback
 .text.get_kd_callback
                0x08002168       0x10 scpi_parser.o
                0x08002168                get_kd_callback
 .text.set_setpoint_callback
                0x08002178       0x1c scpi_parser.o
                0x08002178                set_setpoint_callback
 .text.get_setpoint_callback
                0x08002194       0x10 scpi_parser.o
                0x08002194                get_setpoint_callback
 .text.get_temperature_callback
                0x080021a4        0x4 scpi_parser.o
                0x080021a4                get_temperature_callback
 .text.send_response
                0x080021a8       0x1c scpi_parser.o
 .text.scpi_init
                0x080021c4       0x88 scpi_parser.o
                0x080021c4                scpi_init
 .text.scpi_set_output_interface
                0x0800224c        0xc scpi_parser.o
                0x0800224c                scpi_set_output_interface
 .text.scpi_process_line
                0x08002258      0x278 scpi_parser.o
                0x08002258                scpi_process_line
 .text.Reset_Handler
                0x080024d0       0x50 startup_stm32f334x8.o
                0x080024d0                Reset_Handler
 .text.Default_Handler
                0x08002520        0x2 startup_stm32f334x8.o
                0x08002520                RTC_Alarm_IRQHandler
                0x08002520                HRTIM1_Master_IRQHandler
                0x08002520                DebugMon_Handler
                0x08002520                TIM1_CC_IRQHandler
                0x08002520                HardFault_Handler
                0x08002520                HRTIM1_FLT_IRQHandler
                0x08002520                PVD_IRQHandler
                0x08002520                HRTIM1_TIMD_IRQHandler
                0x08002520                TAMP_STAMP_IRQHandler
                0x08002520                PendSV_Handler
                0x08002520                NMI_Handler
                0x08002520                EXTI3_IRQHandler
                0x08002520                EXTI0_IRQHandler
                0x08002520                FPU_IRQHandler
                0x08002520                CAN_TX_IRQHandler
                0x08002520                TIM1_UP_TIM16_IRQHandler
                0x08002520                UsageFault_Handler
                0x08002520                ADC1_2_IRQHandler
                0x08002520                HRTIM1_TIME_IRQHandler
                0x08002520                SPI1_IRQHandler
                0x08002520                CAN_SCE_IRQHandler
                0x08002520                HRTIM1_TIMC_IRQHandler
                0x08002520                DMA1_Channel4_IRQHandler
                0x08002520                USART3_IRQHandler
                0x08002520                TIM7_DAC2_IRQHandler
                0x08002520                CAN_RX1_IRQHandler
                0x08002520                I2C1_EV_IRQHandler
                0x08002520                TIM3_IRQHandler
                0x08002520                RCC_IRQHandler
                0x08002520                Default_Handler
                0x08002520                EXTI15_10_IRQHandler
                0x08002520                COMP2_IRQHandler
                0x08002520                HRTIM1_TIMA_IRQHandler
                0x08002520                TIM6_DAC1_IRQHandler
                0x08002520                EXTI9_5_IRQHandler
                0x08002520                RTC_WKUP_IRQHandler
                0x08002520                MemManage_Handler
                0x08002520                SVC_Handler
                0x08002520                DMA1_Channel5_IRQHandler
                0x08002520                EXTI4_IRQHandler
                0x08002520                HRTIM1_TIMB_IRQHandler
                0x08002520                TIM1_TRG_COM_TIM17_IRQHandler
                0x08002520                DMA1_Channel3_IRQHandler
                0x08002520                WWDG_IRQHandler
                0x08002520                TIM2_IRQHandler
                0x08002520                EXTI1_IRQHandler
                0x08002520                COMP4_6_IRQHandler
                0x08002520                DMA1_Channel2_IRQHandler
                0x08002520                FLASH_IRQHandler
                0x08002520                BusFault_Handler
                0x08002520                USART1_IRQHandler
                0x08002520                CAN_RX0_IRQHandler
                0x08002520                I2C1_ER_IRQHandler
                0x08002520                EXTI2_TSC_IRQHandler
                0x08002520                TIM1_BRK_TIM15_IRQHandler
 *fill*         0x08002522        0x2 
 .text.HAL_InitTick
                0x08002524       0x50 stm32f3xx_hal.o
                0x08002524                HAL_InitTick
 .text.HAL_Init
                0x08002574       0x24 stm32f3xx_hal.o
                0x08002574                HAL_Init
 .text.HAL_IncTick
                0x08002598       0x18 stm32f3xx_hal.o
                0x08002598                HAL_IncTick
 .text.HAL_GetTick
                0x080025b0        0xc stm32f3xx_hal.o
                0x080025b0                HAL_GetTick
 .text.HAL_Delay
                0x080025bc       0x24 stm32f3xx_hal.o
                0x080025bc                HAL_Delay
 .text.ADC_Disable
                0x080025e0       0x8c stm32f3xx_hal_adc_ex.o
 .text.ADC_Enable
                0x0800266c       0x6c stm32f3xx_hal_adc_ex.o
 .text.HAL_ADC_Init
                0x080026d8      0x3b4 stm32f3xx_hal_adc_ex.o
                0x080026d8                HAL_ADC_Init
 .text.HAL_ADC_Start
                0x08002a8c      0x108 stm32f3xx_hal_adc_ex.o
                0x08002a8c                HAL_ADC_Start
 .text.HAL_ADC_PollForConversion
                0x08002b94      0x128 stm32f3xx_hal_adc_ex.o
                0x08002b94                HAL_ADC_PollForConversion
 .text.HAL_ADC_GetValue
                0x08002cbc       0x34 stm32f3xx_hal_adc_ex.o
                0x08002cbc                HAL_ADC_GetValue
 .text.HAL_ADC_ConfigChannel
                0x08002cf0      0x478 stm32f3xx_hal_adc_ex.o
                0x08002cf0                HAL_ADC_ConfigChannel
 .text.HAL_ADCEx_MultiModeConfigChannel
                0x08003168      0x170 stm32f3xx_hal_adc_ex.o
                0x08003168                HAL_ADCEx_MultiModeConfigChannel
 .text.HAL_NVIC_SetPriorityGrouping
                0x080032d8       0x44 stm32f3xx_hal_cortex.o
                0x080032d8                HAL_NVIC_SetPriorityGrouping
 .text.HAL_NVIC_SetPriority
                0x0800331c       0x9c stm32f3xx_hal_cortex.o
                0x0800331c                HAL_NVIC_SetPriority
 .text.HAL_NVIC_EnableIRQ
                0x080033b8       0x28 stm32f3xx_hal_cortex.o
                0x080033b8                HAL_NVIC_EnableIRQ
 .text.HAL_SYSTICK_Config
                0x080033e0       0x2c stm32f3xx_hal_cortex.o
                0x080033e0                HAL_SYSTICK_Config
 .text.HAL_DMA_Init
                0x0800340c      0x13c stm32f3xx_hal_dma.o
                0x0800340c                HAL_DMA_Init
 .text.HAL_DMA_Start_IT
                0x08003548       0xac stm32f3xx_hal_dma.o
                0x08003548                HAL_DMA_Start_IT
 .text.HAL_DMA_Abort
                0x080035f4       0x44 stm32f3xx_hal_dma.o
                0x080035f4                HAL_DMA_Abort
 .text.HAL_DMA_Abort_IT
                0x08003638       0x44 stm32f3xx_hal_dma.o
                0x08003638                HAL_DMA_Abort_IT
 .text.HAL_DMA_IRQHandler
                0x0800367c       0xb0 stm32f3xx_hal_dma.o
                0x0800367c                HAL_DMA_IRQHandler
 .text.HAL_DMA_GetError
                0x0800372c        0x4 stm32f3xx_hal_dma.o
                0x0800372c                HAL_DMA_GetError
 .text.HAL_GPIO_Init
                0x08003730      0x2c8 stm32f3xx_hal_gpio.o
                0x08003730                HAL_GPIO_Init
 .text.HAL_GPIO_WritePin
                0x080039f8       0x44 stm32f3xx_hal_gpio.o
                0x080039f8                HAL_GPIO_WritePin
 .text.HAL_GPIO_TogglePin
                0x08003a3c       0x38 stm32f3xx_hal_gpio.o
                0x08003a3c                HAL_GPIO_TogglePin
 .text.HRTIM_OutputConfig
                0x08003a74       0xc8 stm32f3xx_hal_hrtim.o
 .text.HAL_HRTIM_Init
                0x08003b3c      0x124 stm32f3xx_hal_hrtim.o
                0x08003b3c                HAL_HRTIM_Init
 .text.HAL_HRTIM_DLLCalibrationStart
                0x08003c60       0xb4 stm32f3xx_hal_hrtim.o
                0x08003c60                HAL_HRTIM_DLLCalibrationStart
 .text.HAL_HRTIM_PollForDLLCalibration
                0x08003d14       0x54 stm32f3xx_hal_hrtim.o
                0x08003d14                HAL_HRTIM_PollForDLLCalibration
 .text.HAL_HRTIM_TimeBaseConfig
                0x08003d68       0xc8 stm32f3xx_hal_hrtim.o
                0x08003d68                HAL_HRTIM_TimeBaseConfig
 .text.HAL_HRTIM_ADCTriggerConfig
                0x08003e30      0x11c stm32f3xx_hal_hrtim.o
                0x08003e30                HAL_HRTIM_ADCTriggerConfig
 .text.HAL_HRTIM_WaveformTimerConfig
                0x08003f4c      0x4e4 stm32f3xx_hal_hrtim.o
                0x08003f4c                HAL_HRTIM_WaveformTimerConfig
 .text.HAL_HRTIM_DeadTimeConfig
                0x08004430      0x134 stm32f3xx_hal_hrtim.o
                0x08004430                HAL_HRTIM_DeadTimeConfig
 .text.HAL_HRTIM_WaveformCompareConfig
                0x08004564      0x1b8 stm32f3xx_hal_hrtim.o
                0x08004564                HAL_HRTIM_WaveformCompareConfig
 .text.HAL_HRTIM_WaveformOutputConfig
                0x0800471c      0x10c stm32f3xx_hal_hrtim.o
                0x0800471c                HAL_HRTIM_WaveformOutputConfig
 .text.HAL_HRTIM_WaveformOutputStart
                0x08004828       0x60 stm32f3xx_hal_hrtim.o
                0x08004828                HAL_HRTIM_WaveformOutputStart
 .text.I2C_TransferConfig
                0x08004888       0x78 stm32f3xx_hal_i2c.o
 .text.I2C_IsErrorOccurred
                0x08004900      0x120 stm32f3xx_hal_i2c.o
 .text.I2C_WaitOnTXISFlagUntilTimeout
                0x08004a20       0x58 stm32f3xx_hal_i2c.o
 .text.I2C_WaitOnFlagUntilTimeout
                0x08004a78       0x78 stm32f3xx_hal_i2c.o
 .text.I2C_WaitOnSTOPFlagUntilTimeout
                0x08004af0       0x60 stm32f3xx_hal_i2c.o
 .text.HAL_I2C_MspInit
                0x08004b50        0x4 stm32f3xx_hal_i2c.o
                0x08004b50                HAL_I2C_MspInit
 .text.HAL_I2C_Init
                0x08004b54      0x178 stm32f3xx_hal_i2c.o
                0x08004b54                HAL_I2C_Init
 .text.HAL_I2C_Master_Transmit
                0x08004ccc      0x1c4 stm32f3xx_hal_i2c.o
                0x08004ccc                HAL_I2C_Master_Transmit
 .text.HAL_MspInit
                0x08004e90       0x30 stm32f3xx_hal_msp.o
                0x08004e90                HAL_MspInit
 .text.HAL_RCC_OscConfig
                0x08004ec0      0x660 stm32f3xx_hal_rcc.o
                0x08004ec0                HAL_RCC_OscConfig
 .text.HAL_RCC_GetSysClockFreq
                0x08005520       0x50 stm32f3xx_hal_rcc.o
                0x08005520                HAL_RCC_GetSysClockFreq
 .text.HAL_RCC_ClockConfig
                0x08005570      0x228 stm32f3xx_hal_rcc.o
                0x08005570                HAL_RCC_ClockConfig
 .text.HAL_RCC_GetPCLK1Freq
                0x08005798       0x30 stm32f3xx_hal_rcc.o
                0x08005798                HAL_RCC_GetPCLK1Freq
 .text.HAL_RCC_GetPCLK2Freq
                0x080057c8       0x30 stm32f3xx_hal_rcc.o
                0x080057c8                HAL_RCC_GetPCLK2Freq
 .text.HAL_RCCEx_PeriphCLKConfig
                0x080057f8      0x248 stm32f3xx_hal_rcc_ex.o
                0x080057f8                HAL_RCCEx_PeriphCLKConfig
 .text.UART_EndRxTransfer
                0x08005a40       0x60 stm32f3xx_hal_uart.o
 .text.HAL_UART_Transmit_DMA
                0x08005aa0       0x98 stm32f3xx_hal_uart.o
                0x08005aa0                HAL_UART_Transmit_DMA
 .text.HAL_UART_DMAStop
                0x08005b38       0xc4 stm32f3xx_hal_uart.o
                0x08005b38                HAL_UART_DMAStop
 .text.UART_DMATransmitCplt
                0x08005bfc       0x44 stm32f3xx_hal_uart.o
 .text.HAL_UART_TxHalfCpltCallback
                0x08005c40        0x4 stm32f3xx_hal_uart.o
                0x08005c40                HAL_UART_TxHalfCpltCallback
 .text.UART_DMATxHalfCplt
                0x08005c44        0xc stm32f3xx_hal_uart.o
 .text.HAL_UART_RxCpltCallback
                0x08005c50        0x4 stm32f3xx_hal_uart.o
                0x08005c50                HAL_UART_RxCpltCallback
 .text.HAL_UART_RxHalfCpltCallback
                0x08005c54        0x4 stm32f3xx_hal_uart.o
                0x08005c54                HAL_UART_RxHalfCpltCallback
 .text.HAL_UART_ErrorCallback
                0x08005c58        0x4 stm32f3xx_hal_uart.o
                0x08005c58                HAL_UART_ErrorCallback
 .text.UART_DMAError
                0x08005c5c       0x5c stm32f3xx_hal_uart.o
 .text.UART_DMAAbortOnError
                0x08005cb8       0x14 stm32f3xx_hal_uart.o
 .text.HAL_UARTEx_RxEventCallback
                0x08005ccc        0x4 stm32f3xx_hal_uart.o
                0x08005ccc                HAL_UARTEx_RxEventCallback
 .text.HAL_UART_IRQHandler
                0x08005cd0      0x36c stm32f3xx_hal_uart.o
                0x08005cd0                HAL_UART_IRQHandler
 .text.UART_DMARxHalfCplt
                0x0800603c       0x20 stm32f3xx_hal_uart.o
 .text.UART_DMAReceiveCplt
                0x0800605c       0x9c stm32f3xx_hal_uart.o
 .text.UART_SetConfig
                0x080060f8      0x234 stm32f3xx_hal_uart.o
                0x080060f8                UART_SetConfig
 .text.UART_AdvFeatureConfig
                0x0800632c      0x1c0 stm32f3xx_hal_uart.o
                0x0800632c                UART_AdvFeatureConfig
 .text.UART_WaitOnFlagUntilTimeout
                0x080064ec       0xb8 stm32f3xx_hal_uart.o
                0x080064ec                UART_WaitOnFlagUntilTimeout
 .text.UART_CheckIdleState
                0x080065a4       0xbc stm32f3xx_hal_uart.o
                0x080065a4                UART_CheckIdleState
 .text.HAL_UART_Init
                0x08006660       0xc0 stm32f3xx_hal_uart.o
                0x08006660                HAL_UART_Init
 .text.UART_Start_Receive_DMA
                0x08006720       0xb0 stm32f3xx_hal_uart.o
                0x08006720                UART_Start_Receive_DMA
 .text.HAL_UART_Receive_DMA
                0x080067d0       0x44 stm32f3xx_hal_uart.o
                0x080067d0                HAL_UART_Receive_DMA
 .text.HAL_UARTEx_WakeupCallback
                0x08006814        0x4 stm32f3xx_hal_uart_ex.o
                0x08006814                HAL_UARTEx_WakeupCallback
 .text.SysTick_Handler
                0x08006818       0x10 stm32f3xx_it.o
                0x08006818                SysTick_Handler
 .text.DMA1_Channel1_IRQHandler
                0x08006828        0xc stm32f3xx_it.o
                0x08006828                DMA1_Channel1_IRQHandler
 .text.DMA1_Channel6_IRQHandler
                0x08006834        0xc stm32f3xx_it.o
                0x08006834                DMA1_Channel6_IRQHandler
 .text.DMA1_Channel7_IRQHandler
                0x08006840        0xc stm32f3xx_it.o
                0x08006840                DMA1_Channel7_IRQHandler
 .text.USART2_IRQHandler
                0x0800684c       0x2c stm32f3xx_it.o
                0x0800684c                USART2_IRQHandler
 .text._getpid  0x08006878        0x4 syscalls.o
                0x08006878                _getpid
 .text._kill    0x0800687c       0x10 syscalls.o
                0x0800687c                _kill
 .text._exit    0x0800688c        0xc syscalls.o
                0x0800688c                _exit
 .text._read    0x08006898       0x1c syscalls.o
                0x08006898                _read
 .text._write   0x080068b4       0x1c syscalls.o
                0x080068b4                _write
 .text._sbrk    0x080068d0       0x3c syscalls.o
                0x080068d0                _sbrk
 .text._close   0x0800690c        0x8 syscalls.o
                0x0800690c                _close
 .text._fstat   0x08006914        0xc syscalls.o
                0x08006914                _fstat
 .text._isatty  0x08006920        0x4 syscalls.o
                0x08006920                _isatty
 .text._lseek   0x08006924        0x4 syscalls.o
                0x08006924                _lseek
 .text.SystemInit
                0x08006928       0x74 system_stm32f3xx.o
                0x08006928                SystemInit
 .text.send_response_to_interface
                0x0800699c       0x1c task_comm.o
 .text.task_comm
                0x080069b8       0xc4 task_comm.o
                0x080069b8                task_comm
 .text.task_control
                0x08006a7c       0x9c task_control.o
                0x08006a7c                task_control
 .text.task_system
                0x08006b18       0x20 task_system.o
                0x08006b18                task_system
 .text.task_ui  0x08006b38      0x11c task_ui.o
                0x08006b38                task_ui
 .text.MX_USART2_UART_Init
                0x08006c54       0x3c usart.o
                0x08006c54                MX_USART2_UART_Init
 .text.HAL_UART_MspInit
                0x08006c90       0xf4 usart.o
                0x08006c90                HAL_UART_MspInit
 .text.usart_rx_start
                0x08006d84       0x38 usart.o
                0x08006d84                usart_rx_start
 .text.usart_hw_is_connected
                0x08006dbc        0x4 usart_hw.o
 .text.usart_hw_send
                0x08006dc0        0xc usart_hw.o
 .text.usart_hw_init
                0x08006dcc       0x34 usart_hw.o
                0x08006dcc                usart_hw_init
 .text.usart_hw_start_rx
                0x08006e00        0x4 usart_hw.o
                0x08006e00                usart_hw_start_rx
 .text.usart_hw_idle_handler
                0x08006e04       0x40 usart_hw.o
                0x08006e04                usart_hw_idle_handler
 .text.usart_hw_send_str
                0x08006e44       0x20 usart_hw.o
                0x08006e44                usart_hw_send_str
 .text.usart_hw_is_tx_ready
                0x08006e64       0x14 usart_hw.o
                0x08006e64                usart_hw_is_tx_ready
 .text.usart_hw_transmit_from_system_buffer
                0x08006e78       0x48 usart_hw.o
                0x08006e78                usart_hw_transmit_from_system_buffer
 .text.HAL_UART_TxCpltCallback
                0x08006ec0       0x20 usart_hw.o
                0x08006ec0                HAL_UART_TxCpltCallback
 .text.atof     0x08006ee0        0x6 C:/Program Files (x86)/Arm/GNU Toolchain mingw-w64-i686-arm-none-eabi/bin/../lib/gcc/arm-none-eabi/15.2.1/../../../../arm-none-eabi/lib/thumb/v7e-m+fp/hard\libc_nano.a(libc_a-atof.o)
                0x08006ee0                atof
 .text.sulp     0x08006ee6       0x3c C:/Program Files (x86)/Arm/GNU Toolchain mingw-w64-i686-arm-none-eabi/bin/../lib/gcc/arm-none-eabi/15.2.1/../../../../arm-none-eabi/lib/thumb/v7e-m+fp/hard\libc_nano.a(libc_a-strtod.o)
 *fill*         0x08006f22        0x6 
 .text._strtod_l
                0x08006f28      0xbe0 C:/Program Files (x86)/Arm/GNU Toolchain mingw-w64-i686-arm-none-eabi/bin/../lib/gcc/arm-none-eabi/15.2.1/../../../../arm-none-eabi/lib/thumb/v7e-m+fp/hard\libc_nano.a(libc_a-strtod.o)
                0x08006f28                _strtod_l
 .text.strtod   0x08007b08       0x18 C:/Program Files (x86)/Arm/GNU Toolchain mingw-w64-i686-arm-none-eabi/bin/../lib/gcc/arm-none-eabi/15.2.1/../../../../arm-none-eabi/lib/thumb/v7e-m+fp/hard\libc_nano.a(libc_a-strtod.o)
                0x08007b08                strtod
 .text.std      0x08007b20       0x6c C:/Program Files (x86)/Arm/GNU Toolchain mingw-w64-i686-arm-none-eabi/bin/../lib/gcc/arm-none-eabi/15.2.1/../../../../arm-none-eabi/lib/thumb/v7e-m+fp/hard\libc_nano.a(libc_a-findfp.o)
 .text.stdio_exit_handler
                0x08007b8c       0x18 C:/Program Files (x86)/Arm/GNU Toolchain mingw-w64-i686-arm-none-eabi/bin/../lib/gcc/arm-none-eabi/15.2.1/../../../../arm-none-eabi/lib/thumb/v7e-m+fp/hard\libc_nano.a(libc_a-findfp.o)
 .text.cleanup_stdio
                0x08007ba4       0x40 C:/Program Files (x86)/Arm/GNU Toolchain mingw-w64-i686-arm-none-eabi/bin/../lib/gcc/arm-none-eabi/15.2.1/../../../../arm-none-eabi/lib/thumb/v7e-m+fp/hard\libc_nano.a(libc_a-findfp.o)
 .text.global_stdio_init.part.0
                0x08007be4       0x40 C:/Program Files (x86)/Arm/GNU Toolchain mingw-w64-i686-arm-none-eabi/bin/../lib/gcc/arm-none-eabi/15.2.1/../../../../arm-none-eabi/lib/thumb/v7e-m+fp/hard\libc_nano.a(libc_a-findfp.o)
 .text.__sfp_lock_acquire
                0x08007c24        0xc C:/Program Files (x86)/Arm/GNU Toolchain mingw-w64-i686-arm-none-eabi/bin/../lib/gcc/arm-none-eabi/15.2.1/../../../../arm-none-eabi/lib/thumb/v7e-m+fp/hard\libc_nano.a(libc_a-findfp.o)
                0x08007c24                __sfp_lock_acquire
 .text.__sfp_lock_release
                0x08007c30        0xc C:/Program Files (x86)/Arm/GNU Toolchain mingw-w64-i686-arm-none-eabi/bin/../lib/gcc/arm-none-eabi/15.2.1/../../../../arm-none-eabi/lib/thumb/v7e-m+fp/hard\libc_nano.a(libc_a-findfp.o)
                0x08007c30                __sfp_lock_release
 .text.__sinit  0x08007c3c       0x30 C:/Program Files (x86)/Arm/GNU Toolchain mingw-w64-i686-arm-none-eabi/bin/../lib/gcc/arm-none-eabi/15.2.1/../../../../arm-none-eabi/lib/thumb/v7e-m+fp/hard\libc_nano.a(libc_a-findfp.o)
                0x08007c3c                __sinit
 .text._fwalk_sglue
                0x08007c6c       0x3a C:/Program Files (x86)/Arm/GNU Toolchain mingw-w64-i686-arm-none-eabi/bin/../lib/gcc/arm-none-eabi/15.2.1/../../../../arm-none-eabi/lib/thumb/v7e-m+fp/hard\libc_nano.a(libc_a-fwalk.o)
                0x08007c6c                _fwalk_sglue
 *fill*         0x08007ca6        0x2 
 .text.snprintf
                0x08007ca8       0x64 C:/Program Files (x86)/Arm/GNU Toolchain mingw-w64-i686-arm-none-eabi/bin/../lib/gcc/arm-none-eabi/15.2.1/../../../../arm-none-eabi/lib/thumb/v7e-m+fp/hard\libc_nano.a(libc_a-snprintf.o)
                0x08007ca8                sniprintf
                0x08007ca8                snprintf
 .text.__sread  0x08007d0c       0x22 C:/Program Files (x86)/Arm/GNU Toolchain mingw-w64-i686-arm-none-eabi/bin/../lib/gcc/arm-none-eabi/15.2.1/../../../../arm-none-eabi/lib/thumb/v7e-m+fp/hard\libc_nano.a(libc_a-stdio.o)
                0x08007d0c                __sread
 .text.__swrite
                0x08007d2e       0x38 C:/Program Files (x86)/Arm/GNU Toolchain mingw-w64-i686-arm-none-eabi/bin/../lib/gcc/arm-none-eabi/15.2.1/../../../../arm-none-eabi/lib/thumb/v7e-m+fp/hard\libc_nano.a(libc_a-stdio.o)
                0x08007d2e                __swrite
 .text.__sseek  0x08007d66       0x26 C:/Program Files (x86)/Arm/GNU Toolchain mingw-w64-i686-arm-none-eabi/bin/../lib/gcc/arm-none-eabi/15.2.1/../../../../arm-none-eabi/lib/thumb/v7e-m+fp/hard\libc_nano.a(libc_a-stdio.o)
                0x08007d66                __sseek
 .text.__sclose
                0x08007d8c        0x8 C:/Program Files (x86)/Arm/GNU Toolchain mingw-w64-i686-arm-none-eabi/bin/../lib/gcc/arm-none-eabi/15.2.1/../../../../arm-none-eabi/lib/thumb/v7e-m+fp/hard\libc_nano.a(libc_a-stdio.o)
                0x08007d8c                __sclose
 .text.memset   0x08007d94       0x10 C:/Program Files (x86)/Arm/GNU Toolchain mingw-w64-i686-arm-none-eabi/bin/../lib/gcc/arm-none-eabi/15.2.1/../../../../arm-none-eabi/lib/thumb/v7e-m+fp/hard\libc_nano.a(libc_a-memset.o)
                0x08007d94                memset
 .text.strncmp  0x08007da4       0x24 C:/Program Files (x86)/Arm/GNU Toolchain mingw-w64-i686-arm-none-eabi/bin/../lib/gcc/arm-none-eabi/15.2.1/../../../../arm-none-eabi/lib/thumb/v7e-m+fp/hard\libc_nano.a(libc_a-strncmp.o)
                0x08007da4                strncmp
 .text._close_r
                0x08007dc8       0x20 C:/Program Files (x86)/Arm/GNU Toolchain mingw-w64-i686-arm-none-eabi/bin/../lib/gcc/arm-none-eabi/15.2.1/../../../../arm-none-eabi/lib/thumb/v7e-m+fp/hard\libc_nano.a(libc_a-closer.o)
                0x08007dc8                _close_r
 .text._lseek_r
                0x08007de8       0x24 C:/Program Files (x86)/Arm/GNU Toolchain mingw-w64-i686-arm-none-eabi/bin/../lib/gcc/arm-none-eabi/15.2.1/../../../../arm-none-eabi/lib/thumb/v7e-m+fp/hard\libc_nano.a(libc_a-lseekr.o)
                0x08007de8                _lseek_r
 .text._read_r  0x08007e0c       0x24 C:/Program Files (x86)/Arm/GNU Toolchain mingw-w64-i686-arm-none-eabi/bin/../lib/gcc/arm-none-eabi/15.2.1/../../../../arm-none-eabi/lib/thumb/v7e-m+fp/hard\libc_nano.a(libc_a-readr.o)
                0x08007e0c                _read_r
 .text._write_r
                0x08007e30       0x24 C:/Program Files (x86)/Arm/GNU Toolchain mingw-w64-i686-arm-none-eabi/bin/../lib/gcc/arm-none-eabi/15.2.1/../../../../arm-none-eabi/lib/thumb/v7e-m+fp/hard\libc_nano.a(libc_a-writer.o)
                0x08007e30                _write_r
 .text.__errno  0x08007e54        0xc C:/Program Files (x86)/Arm/GNU Toolchain mingw-w64-i686-arm-none-eabi/bin/../lib/gcc/arm-none-eabi/15.2.1/../../../../arm-none-eabi/lib/thumb/v7e-m+fp/hard\libc_nano.a(libc_a-errno.o)
                0x08007e54                __errno
 .text.__libc_init_array
                0x08007e60       0x48 C:/Program Files (x86)/Arm/GNU Toolchain mingw-w64-i686-arm-none-eabi/bin/../lib/gcc/arm-none-eabi/15.2.1/../../../../arm-none-eabi/lib/thumb/v7e-m+fp/hard\libc_nano.a(libc_a-init.o)
                0x08007e60                __libc_init_array
 .text.__retarget_lock_init_recursive
                0x08007ea8        0x2 C:/Program Files (x86)/Arm/GNU Toolchain mingw-w64-i686-arm-none-eabi/bin/../lib/gcc/arm-none-eabi/15.2.1/../../../../arm-none-eabi/lib/thumb/v7e-m+fp/hard\libc_nano.a(libc_a-lock.o)
                0x08007ea8                __retarget_lock_init_recursive
 .text.__retarget_lock_acquire_recursive
                0x08007eaa        0x2 C:/Program Files (x86)/Arm/GNU Toolchain mingw-w64-i686-arm-none-eabi/bin/../lib/gcc/arm-none-eabi/15.2.1/../../../../arm-none-eabi/lib/thumb/v7e-m+fp/hard\libc_nano.a(libc_a-lock.o)
                0x08007eaa                __retarget_lock_acquire_recursive
 .text.__retarget_lock_release_recursive
                0x08007eac        0x2 C:/Program Files (x86)/Arm/GNU Toolchain mingw-w64-i686-arm-none-eabi/bin/../lib/gcc/arm-none-eabi/15.2.1/../../../../arm-none-eabi/lib/thumb/v7e-m+fp/hard\libc_nano.a(libc_a-lock.o)
                0x08007eac                __retarget_lock_release_recursive
 .text.memcpy   0x08007eae       0x1c C:/Program Files (x86)/Arm/GNU Toolchain mingw-w64-i686-arm-none-eabi/bin/../lib/gcc/arm-none-eabi/15.2.1/../../../../arm-none-eabi/lib/thumb/v7e-m+fp/hard\libc_nano.a(libc_a-memcpy-stub.o)
                0x08007eae                memcpy
 *fill*         0x08007eca        0x6 
 .text.nan      0x08007ed0       0x10 C:/Program Files (x86)/Arm/GNU Toolchain mingw-w64-i686-arm-none-eabi/bin/../lib/gcc/arm-none-eabi/15.2.1/../../../../arm-none-eabi/lib/thumb/v7e-m+fp/hard\libc_nano.a(libm_a-s_nan.o)
                0x08007ed0                nan
 .text._free_r  0x08007ee0       0x98 C:/Program Files (x86)/Arm/GNU Toolchain mingw-w64-i686-arm-none-eabi/bin/../lib/gcc/arm-none-eabi/15.2.1/../../../../arm-none-eabi/lib/thumb/v7e-m+fp/hard\libc_nano.a(libc_a-freer.o)
                0x08007ee0                _free_r
 .text.rshift   0x08007f78       0xa0 C:/Program Files (x86)/Arm/GNU Toolchain mingw-w64-i686-arm-none-eabi/bin/../lib/gcc/arm-none-eabi/15.2.1/../../../../arm-none-eabi/lib/thumb/v7e-m+fp/hard\libc_nano.a(libc_a-gdtoa-gethex.o)
 .text.__hexdig_fun
                0x08008018       0x2a C:/Program Files (x86)/Arm/GNU Toolchain mingw-w64-i686-arm-none-eabi/bin/../lib/gcc/arm-none-eabi/15.2.1/../../../../arm-none-eabi/lib/thumb/v7e-m+fp/hard\libc_nano.a(libc_a-gdtoa-gethex.o)
                0x08008018                __hexdig_fun
 *fill*         0x08008042        0x2 
 .text.__gethex
                0x08008044      0x418 C:/Program Files (x86)/Arm/GNU Toolchain mingw-w64-i686-arm-none-eabi/bin/../lib/gcc/arm-none-eabi/15.2.1/../../../../arm-none-eabi/lib/thumb/v7e-m+fp/hard\libc_nano.a(libc_a-gdtoa-gethex.o)
                0x08008044                __gethex
 .text.L_shift  0x0800845c       0x24 C:/Program Files (x86)/Arm/GNU Toolchain mingw-w64-i686-arm-none-eabi/bin/../lib/gcc/arm-none-eabi/15.2.1/../../../../arm-none-eabi/lib/thumb/v7e-m+fp/hard\libc_nano.a(libc_a-gdtoa-hexnan.o)
 .text.__match  0x08008480       0x2a C:/Program Files (x86)/Arm/GNU Toolchain mingw-w64-i686-arm-none-eabi/bin/../lib/gcc/arm-none-eabi/15.2.1/../../../../arm-none-eabi/lib/thumb/v7e-m+fp/hard\libc_nano.a(libc_a-gdtoa-hexnan.o)
                0x08008480                __match
 .text.__hexnan
                0x080084aa      0x138 C:/Program Files (x86)/Arm/GNU Toolchain mingw-w64-i686-arm-none-eabi/bin/../lib/gcc/arm-none-eabi/15.2.1/../../../../arm-none-eabi/lib/thumb/v7e-m+fp/hard\libc_nano.a(libc_a-gdtoa-hexnan.o)
                0x080084aa                __hexnan
 *fill*         0x080085e2        0x2 
 .text.sbrk_aligned
                0x080085e4       0x44 C:/Program Files (x86)/Arm/GNU Toolchain mingw-w64-i686-arm-none-eabi/bin/../lib/gcc/arm-none-eabi/15.2.1/../../../../arm-none-eabi/lib/thumb/v7e-m+fp/hard\libc_nano.a(libc_a-mallocr.o)
 .text._malloc_r
                0x08008628       0xf8 C:/Program Files (x86)/Arm/GNU Toolchain mingw-w64-i686-arm-none-eabi/bin/../lib/gcc/arm-none-eabi/15.2.1/../../../../arm-none-eabi/lib/thumb/v7e-m+fp/hard\libc_nano.a(libc_a-mallocr.o)
                0x08008628                _malloc_r
 .text.__ascii_mbtowc
                0x08008720       0x24 C:/Program Files (x86)/Arm/GNU Toolchain mingw-w64-i686-arm-none-eabi/bin/../lib/gcc/arm-none-eabi/15.2.1/../../../../arm-none-eabi/lib/thumb/v7e-m+fp/hard\libc_nano.a(libc_a-mbtowc_r.o)
                0x08008720                __ascii_mbtowc
 .text.__malloc_lock
                0x08008744        0xc C:/Program Files (x86)/Arm/GNU Toolchain mingw-w64-i686-arm-none-eabi/bin/../lib/gcc/arm-none-eabi/15.2.1/../../../../arm-none-eabi/lib/thumb/v7e-m+fp/hard\libc_nano.a(libc_a-mlock.o)
                0x08008744                __malloc_lock
 .text.__malloc_unlock
                0x08008750        0xc C:/Program Files (x86)/Arm/GNU Toolchain mingw-w64-i686-arm-none-eabi/bin/../lib/gcc/arm-none-eabi/15.2.1/../../../../arm-none-eabi/lib/thumb/v7e-m+fp/hard\libc_nano.a(libc_a-mlock.o)
                0x08008750                __malloc_unlock
 .text._Balloc  0x0800875c       0x7c C:/Program Files (x86)/Arm/GNU Toolchain mingw-w64-i686-arm-none-eabi/bin/../lib/gcc/arm-none-eabi/15.2.1/../../../../arm-none-eabi/lib/thumb/v7e-m+fp/hard\libc_nano.a(libc_a-mprec.o)
                0x0800875c                _Balloc
 .text._Bfree   0x080087d8       0x44 C:/Program Files (x86)/Arm/GNU Toolchain mingw-w64-i686-arm-none-eabi/bin/../lib/gcc/arm-none-eabi/15.2.1/../../../../arm-none-eabi/lib/thumb/v7e-m+fp/hard\libc_nano.a(libc_a-mprec.o)
                0x080087d8                _Bfree
 .text.__multadd
                0x0800881c       0x8c C:/Program Files (x86)/Arm/GNU Toolchain mingw-w64-i686-arm-none-eabi/bin/../lib/gcc/arm-none-eabi/15.2.1/../../../../arm-none-eabi/lib/thumb/v7e-m+fp/hard\libc_nano.a(libc_a-mprec.o)
                0x0800881c                __multadd
 .text.__s2b    0x080088a8       0x94 C:/Program Files (x86)/Arm/GNU Toolchain mingw-w64-i686-arm-none-eabi/bin/../lib/gcc/arm-none-eabi/15.2.1/../../../../arm-none-eabi/lib/thumb/v7e-m+fp/hard\libc_nano.a(libc_a-mprec.o)
                0x080088a8                __s2b
 .text.__hi0bits
                0x0800893c       0x3c C:/Program Files (x86)/Arm/GNU Toolchain mingw-w64-i686-arm-none-eabi/bin/../lib/gcc/arm-none-eabi/15.2.1/../../../../arm-none-eabi/lib/thumb/v7e-m+fp/hard\libc_nano.a(libc_a-mprec.o)
                0x0800893c                __hi0bits
 .text.__lo0bits
                0x08008978       0x5c C:/Program Files (x86)/Arm/GNU Toolchain mingw-w64-i686-arm-none-eabi/bin/../lib/gcc/arm-none-eabi/15.2.1/../../../../arm-none-eabi/lib/thumb/v7e-m+fp/hard\libc_nano.a(libc_a-mprec.o)
                0x08008978                __lo0bits
 .text.__i2b    0x080089d4       0x2c C:/Program Files (x86)/Arm/GNU Toolchain mingw-w64-i686-arm-none-eabi/bin/../lib/gcc/arm-none-eabi/15.2.1/../../../../arm-none-eabi/lib/thumb/v7e-m+fp/hard\libc_nano.a(libc_a-mprec.o)
                0x080089d4                __i2b
 .text.__multiply
                0x08008a00      0x16c C:/Program Files (x86)/Arm/GNU Toolchain mingw-w64-i686-arm-none-eabi/bin/../lib/gcc/arm-none-eabi/15.2.1/../../../../arm-none-eabi/lib/thumb/v7e-m+fp/hard\libc_nano.a(libc_a-mprec.o)
                0x08008a00                __multiply
 .text.__pow5mult
                0x08008b6c       0xb8 C:/Program Files (x86)/Arm/GNU Toolchain mingw-w64-i686-arm-none-eabi/bin/../lib/gcc/arm-none-eabi/15.2.1/../../../../arm-none-eabi/lib/thumb/v7e-m+fp/hard\libc_nano.a(libc_a-mprec.o)
                0x08008b6c                __pow5mult
 .text.__lshift
                0x08008c24       0xe4 C:/Program Files (x86)/Arm/GNU Toolchain mingw-w64-i686-arm-none-eabi/bin/../lib/gcc/arm-none-eabi/15.2.1/../../../../arm-none-eabi/lib/thumb/v7e-m+fp/hard\libc_nano.a(libc_a-mprec.o)
                0x08008c24                __lshift
 .text.__mcmp   0x08008d08       0x36 C:/Program Files (x86)/Arm/GNU Toolchain mingw-w64-i686-arm-none-eabi/bin/../lib/gcc/arm-none-eabi/15.2.1/../../../../arm-none-eabi/lib/thumb/v7e-m+fp/hard\libc_nano.a(libc_a-mprec.o)
                0x08008d08                __mcmp
 *fill*         0x08008d3e        0x2 
 .text.__mdiff  0x08008d40      0x130 C:/Program Files (x86)/Arm/GNU Toolchain mingw-w64-i686-arm-none-eabi/bin/../lib/gcc/arm-none-eabi/15.2.1/../../../../arm-none-eabi/lib/thumb/v7e-m+fp/hard\libc_nano.a(libc_a-mprec.o)
                0x08008d40                __mdiff
 .text.__ulp    0x08008e70       0x4c C:/Program Files (x86)/Arm/GNU Toolchain mingw-w64-i686-arm-none-eabi/bin/../lib/gcc/arm-none-eabi/15.2.1/../../../../arm-none-eabi/lib/thumb/v7e-m+fp/hard\libc_nano.a(libc_a-mprec.o)
                0x08008e70                __ulp
 .text.__b2d    0x08008ebc       0x92 C:/Program Files (x86)/Arm/GNU Toolchain mingw-w64-i686-arm-none-eabi/bin/../lib/gcc/arm-none-eabi/15.2.1/../../../../arm-none-eabi/lib/thumb/v7e-m+fp/hard\libc_nano.a(libc_a-mprec.o)
                0x08008ebc                __b2d
 *fill*         0x08008f4e        0x2 
 .text.__d2b    0x08008f50       0xb0 C:/Program Files (x86)/Arm/GNU Toolchain mingw-w64-i686-arm-none-eabi/bin/../lib/gcc/arm-none-eabi/15.2.1/../../../../arm-none-eabi/lib/thumb/v7e-m+fp/hard\libc_nano.a(libc_a-mprec.o)
                0x08008f50                __d2b
 .text.__ratio  0x08009000       0x62 C:/Program Files (x86)/Arm/GNU Toolchain mingw-w64-i686-arm-none-eabi/bin/../lib/gcc/arm-none-eabi/15.2.1/../../../../arm-none-eabi/lib/thumb/v7e-m+fp/hard\libc_nano.a(libc_a-mprec.o)
                0x08009000                __ratio
 .text.__copybits
                0x08009062       0x46 C:/Program Files (x86)/Arm/GNU Toolchain mingw-w64-i686-arm-none-eabi/bin/../lib/gcc/arm-none-eabi/15.2.1/../../../../arm-none-eabi/lib/thumb/v7e-m+fp/hard\libc_nano.a(libc_a-mprec.o)
                0x08009062                __copybits
 .text.__any_on
                0x080090a8       0x42 C:/Program Files (x86)/Arm/GNU Toolchain mingw-w64-i686-arm-none-eabi/bin/../lib/gcc/arm-none-eabi/15.2.1/../../../../arm-none-eabi/lib/thumb/v7e-m+fp/hard\libc_nano.a(libc_a-mprec.o)
                0x080090a8                __any_on
 .text.__ascii_wctomb
                0x080090ea       0x1a C:/Program Files (x86)/Arm/GNU Toolchain mingw-w64-i686-arm-none-eabi/bin/../lib/gcc/arm-none-eabi/15.2.1/../../../../arm-none-eabi/lib/thumb/v7e-m+fp/hard\libc_nano.a(libc_a-wctomb_r.o)
                0x080090ea                __ascii_wctomb
 .text.__ssputs_r
                0x08009104       0xc0 C:/Program Files (x86)/Arm/GNU Toolchain mingw-w64-i686-arm-none-eabi/bin/../lib/gcc/arm-none-eabi/15.2.1/../../../../arm-none-eabi/lib/thumb/v7e-m+fp/hard\libc_nano.a(libc_a-nano-svfprintf.o)
                0x08009104                __ssputs_r
 .text._svfprintf_r
                0x080091c4      0x1f0 C:/Program Files (x86)/Arm/GNU Toolchain mingw-w64-i686-arm-none-eabi/bin/../lib/gcc/arm-none-eabi/15.2.1/../../../../arm-none-eabi/lib/thumb/v7e-m+fp/hard\libc_nano.a(libc_a-nano-svfprintf.o)
                0x080091c4                _svfiprintf_r
                0x080091c4                _svfprintf_r
 .text._printf_common
                0x080093b4       0xea C:/Program Files (x86)/Arm/GNU Toolchain mingw-w64-i686-arm-none-eabi/bin/../lib/gcc/arm-none-eabi/15.2.1/../../../../arm-none-eabi/lib/thumb/v7e-m+fp/hard\libc_nano.a(libc_a-nano-vfprintf_i.o)
                0x080093b4                _printf_common
 *fill*         0x0800949e        0x2 
 .text._printf_i
                0x080094a0      0x254 C:/Program Files (x86)/Arm/GNU Toolchain mingw-w64-i686-arm-none-eabi/bin/../lib/gcc/arm-none-eabi/15.2.1/../../../../arm-none-eabi/lib/thumb/v7e-m+fp/hard\libc_nano.a(libc_a-nano-vfprintf_i.o)
                0x080094a0                _printf_i
 .text.__sflush_r
                0x080096f4      0x100 C:/Program Files (x86)/Arm/GNU Toolchain mingw-w64-i686-arm-none-eabi/bin/../lib/gcc/arm-none-eabi/15.2.1/../../../../arm-none-eabi/lib/thumb/v7e-m+fp/hard\libc_nano.a(libc_a-fflush.o)
                0x080096f4                __sflush_r
 .text._fflush_r
                0x080097f4       0x50 C:/Program Files (x86)/Arm/GNU Toolchain mingw-w64-i686-arm-none-eabi/bin/../lib/gcc/arm-none-eabi/15.2.1/../../../../arm-none-eabi/lib/thumb/v7e-m+fp/hard\libc_nano.a(libc_a-fflush.o)
                0x080097f4                _fflush_r
 .text.memmove  0x08009844       0x32 C:/Program Files (x86)/Arm/GNU Toolchain mingw-w64-i686-arm-none-eabi/bin/../lib/gcc/arm-none-eabi/15.2.1/../../../../arm-none-eabi/lib/thumb/v7e-m+fp/hard\libc_nano.a(libc_a-memmove.o)
                0x08009844                memmove
 *fill*         0x08009876        0x2 
 .text._sbrk_r  0x08009878       0x20 C:/Program Files (x86)/Arm/GNU Toolchain mingw-w64-i686-arm-none-eabi/bin/../lib/gcc/arm-none-eabi/15.2.1/../../../../arm-none-eabi/lib/thumb/v7e-m+fp/hard\libc_nano.a(libc_a-sbrkr.o)
                0x08009878                _sbrk_r
 .text.__assert_func
                0x08009898       0x3c C:/Program Files (x86)/Arm/GNU Toolchain mingw-w64-i686-arm-none-eabi/bin/../lib/gcc/arm-none-eabi/15.2.1/../../../../arm-none-eabi/lib/thumb/v7e-m+fp/hard\libc_nano.a(libc_a-assert.o)
                0x08009898                __assert_func
 .text._calloc_r
                0x080098d4       0x28 C:/Program Files (x86)/Arm/GNU Toolchain mingw-w64-i686-arm-none-eabi/bin/../lib/gcc/arm-none-eabi/15.2.1/../../../../arm-none-eabi/lib/thumb/v7e-m+fp/hard\libc_nano.a(libc_a-callocr.o)
                0x080098d4                _calloc_r
 .text.malloc   0x080098fc       0x10 C:/Program Files (x86)/Arm/GNU Toolchain mingw-w64-i686-arm-none-eabi/bin/../lib/gcc/arm-none-eabi/15.2.1/../../../../arm-none-eabi/lib/thumb/v7e-m+fp/hard\libc_nano.a(libc_a-malloc.o)
                0x080098fc                malloc
 .text._realloc_r
                0x0800990c       0x5c C:/Program Files (x86)/Arm/GNU Toolchain mingw-w64-i686-arm-none-eabi/bin/../lib/gcc/arm-none-eabi/15.2.1/../../../../arm-none-eabi/lib/thumb/v7e-m+fp/hard\libc_nano.a(libc_a-reallocr.o)
                0x0800990c                _realloc_r
 .text.fprintf  0x08009968       0x24 C:/Program Files (x86)/Arm/GNU Toolchain mingw-w64-i686-arm-none-eabi/bin/../lib/gcc/arm-none-eabi/15.2.1/../../../../arm-none-eabi/lib/thumb/v7e-m+fp/hard\libc_nano.a(libc_a-fprintf.o)
                0x08009968                fiprintf
                0x08009968                fprintf
 .text.abort    0x0800998c        0xe C:/Program Files (x86)/Arm/GNU Toolchain mingw-w64-i686-arm-none-eabi/bin/../lib/gcc/arm-none-eabi/15.2.1/../../../../arm-none-eabi/lib/thumb/v7e-m+fp/hard\libc_nano.a(libc_a-abort.o)
                0x0800998c                abort
 .text._malloc_usable_size_r
                0x0800999a       0x10 C:/Program Files (x86)/Arm/GNU Toolchain mingw-w64-i686-arm-none-eabi/bin/../lib/gcc/arm-none-eabi/15.2.1/../../../../arm-none-eabi/lib/thumb/v7e-m+fp/hard\libc_nano.a(libc_a-msizer.o)
                0x0800999a                _malloc_usable_size_r
 .text.__sfputc_r
                0x080099aa       0x2a C:/Program Files (x86)/Arm/GNU Toolchain mingw-w64-i686-arm-none-eabi/bin/../lib/gcc/arm-none-eabi/15.2.1/../../../../arm-none-eabi/lib/thumb/v7e-m+fp/hard\libc_nano.a(libc_a-nano-vfprintf.o)
 .text.__sfputs_r
                0x080099d4       0x24 C:/Program Files (x86)/Arm/GNU Toolchain mingw-w64-i686-arm-none-eabi/bin/../lib/gcc/arm-none-eabi/15.2.1/../../../../arm-none-eabi/lib/thumb/v7e-m+fp/hard\libc_nano.a(libc_a-nano-vfprintf.o)
                0x080099d4                __sfputs_r
 .text._vfprintf_r
                0x080099f8      0x228 C:/Program Files (x86)/Arm/GNU Toolchain mingw-w64-i686-arm-none-eabi/bin/../lib/gcc/arm-none-eabi/15.2.1/../../../../arm-none-eabi/lib/thumb/v7e-m+fp/hard\libc_nano.a(libc_a-nano-vfprintf.o)
                0x080099f8                _vfprintf_r
                0x080099f8                _vfiprintf_r
 .text.__swbuf_r
                0x08009c20       0x7a C:/Program Files (x86)/Arm/GNU Toolchain mingw-w64-i686-arm-none-eabi/bin/../lib/gcc/arm-none-eabi/15.2.1/../../../../arm-none-eabi/lib/thumb/v7e-m+fp/hard\libc_nano.a(libc_a-wbuf.o)
                0x08009c20                __swbuf_r
 *fill*         0x08009c9a        0x2 
 .text.__swsetup_r
                0x08009c9c       0xa8 C:/Program Files (x86)/Arm/GNU Toolchain mingw-w64-i686-arm-none-eabi/bin/../lib/gcc/arm-none-eabi/15.2.1/../../../../arm-none-eabi/lib/thumb/v7e-m+fp/hard\libc_nano.a(libc_a-wsetup.o)
                0x08009c9c                __swsetup_r
 .text._raise_r
                0x08009d44       0x50 C:/Program Files (x86)/Arm/GNU Toolchain mingw-w64-i686-arm-none-eabi/bin/../lib/gcc/arm-none-eabi/15.2.1/../../../../arm-none-eabi/lib/thumb/v7e-m+fp/hard\libc_nano.a(libc_a-signal.o)
                0x08009d44                _raise_r
 .text.raise    0x08009d94       0x10 C:/Program Files (x86)/Arm/GNU Toolchain mingw-w64-i686-arm-none-eabi/bin/../lib/gcc/arm-none-eabi/15.2.1/../../../../arm-none-eabi/lib/thumb/v7e-m+fp/hard\libc_nano.a(libc_a-signal.o)
                0x08009d94                raise
 .text._kill_r  0x08009da4       0x24 C:/Program Files (x86)/Arm/GNU Toolchain mingw-w64-i686-arm-none-eabi/bin/../lib/gcc/arm-none-eabi/15.2.1/../../../../arm-none-eabi/lib/thumb/v7e-m+fp/hard\libc_nano.a(libc_a-signalr.o)
                0x08009da4                _kill_r
 .text._getpid_r
                0x08009dc8        0x4 C:/Program Files (x86)/Arm/GNU Toolchain mingw-w64-i686-arm-none-eabi/bin/../lib/gcc/arm-none-eabi/15.2.1/../../../../arm-none-eabi/lib/thumb/v7e-m+fp/hard\libc_nano.a(libc_a-signalr.o)
                0x08009dc8                _getpid_r
 .text.__swhatbuf_r
                0x08009dcc       0x48 C:/Program Files (x86)/Arm/GNU Toolchain mingw-w64-i686-arm-none-eabi/bin/../lib/gcc/arm-none-eabi/15.2.1/../../../../arm-none-eabi/lib/thumb/v7e-m+fp/hard\libc_nano.a(libc_a-makebuf.o)
                0x08009dcc                __swhatbuf_r
 .text.__smakebuf_r
                0x08009e14       0x72 C:/Program Files (x86)/Arm/GNU Toolchain mingw-w64-i686-arm-none-eabi/bin/../lib/gcc/arm-none-eabi/15.2.1/../../../../arm-none-eabi/lib/thumb/v7e-m+fp/hard\libc_nano.a(libc_a-makebuf.o)
                0x08009e14                __smakebuf_r
 *fill*         0x08009e86        0x2 
 .text._fstat_r
                0x08009e88       0x24 C:/Program Files (x86)/Arm/GNU Toolchain mingw-w64-i686-arm-none-eabi/bin/../lib/gcc/arm-none-eabi/15.2.1/../../../../arm-none-eabi/lib/thumb/v7e-m+fp/hard\libc_nano.a(libc_a-fstatr.o)
                0x08009e88                _fstat_r
 .text._isatty_r
                0x08009eac       0x20 C:/Program Files (x86)/Arm/GNU Toolchain mingw-w64-i686-arm-none-eabi/bin/../lib/gcc/arm-none-eabi/15.2.1/../../../../arm-none-eabi/lib/thumb/v7e-m+fp/hard\libc_nano.a(libc_a-isattyr.o)
                0x08009eac                _isatty_r
 .text.__fixdfdi
                0x08009ecc       0x30 C:/Program Files (x86)/Arm/GNU Toolchain mingw-w64-i686-arm-none-eabi/bin/../lib/gcc/arm-none-eabi/15.2.1/thumb/v7e-m+fp/hard\libgcc.a(_fixdfdi.o)
                0x08009ecc                __fixdfdi
                0x08009ecc                __aeabi_d2lz
 .text.__fixunsdfdi
                0x08009efc       0x3c C:/Program Files (x86)/Arm/GNU Toolchain mingw-w64-i686-arm-none-eabi/bin/../lib/gcc/arm-none-eabi/15.2.1/thumb/v7e-m+fp/hard\libgcc.a(_fixunsdfdi.o)
                0x08009efc                __fixunsdfdi
                0x08009efc                __aeabi_d2ulz
 *(.glue_7)
 .glue_7        0x08009f38        0x0 linker stubs
 *(.glue_7t)
 .glue_7t       0x08009f38        0x0 linker stubs
 *(.eh_frame)
 .eh_frame      0x08009f38        0x0 C:/Program Files (x86)/Arm/GNU Toolchain mingw-w64-i686-arm-none-eabi/bin/../lib/gcc/arm-none-eabi/15.2.1/thumb/v7e-m+fp/hard/crtbegin.o
 *(.init)
 .init          0x08009f38        0x4 C:/Program Files (x86)/Arm/GNU Toolchain mingw-w64-i686-arm-none-eabi/bin/../lib/gcc/arm-none-eabi/15.2.1/thumb/v7e-m+fp/hard/crti.o
                0x08009f38                _init
 .init          0x08009f3c        0x8 C:/Program Files (x86)/Arm/GNU Toolchain mingw-w64-i686-arm-none-eabi/bin/../lib/gcc/arm-none-eabi/15.2.1/thumb/v7e-m+fp/hard/crtn.o
 *(.fini)
 .fini          0x08009f44        0x4 C:/Program Files (x86)/Arm/GNU Toolchain mingw-w64-i686-arm-none-eabi/bin/../lib/gcc/arm-none-eabi/15.2.1/thumb/v7e-m+fp/hard/crti.o
                0x08009f44                _fini
 .fini          0x08009f48        0x8 C:/Program Files (x86)/Arm/GNU Toolchain mingw-w64-i686-arm-none-eabi/bin/../lib/gcc/arm-none-eabi/15.2.1/thumb/v7e-m+fp/hard/crtn.o
                0x08009f50                        . = ALIGN (0x4)
                0x08009f50                        _etext = .

.vfp11_veneer   0x08009f50        0x0
 .vfp11_veneer  0x08009f50        0x0 linker stubs

.v4_bx          0x08009f50        0x0
 .v4_bx         0x08009f50        0x0 linker stubs

.iplt           0x08009f50        0x0
 .iplt          0x08009f50        0x0 C:/Program Files (x86)/Arm/GNU Toolchain mingw-w64-i686-arm-none-eabi/bin/../lib/gcc/arm-none-eabi/15.2.1/thumb/v7e-m+fp/hard/crtbegin.o

.rodata         0x08009f50      0xc2c
                0x08009f50                        . = ALIGN (0x4)
 *(.rodata)
 *(.rodata*)
 .rodata.oled_hw_print_float.str1.4
                0x08009f50      0x60b oled_hw.o
                                  0x8 (size before relaxing)
 *fill*         0x0800a55b        0x1 
 .rodata.ssd1306xled_font6x8
                0x0800a55c      0x228 oled_hw.o
 .rodata.scpi_process_line.str1.4
                0x0800a784        0x0 scpi_parser.o
                                 0xa8 (size before relaxing)
 .rodata.ADC_ConversionStop.str1.4
                0x0800a784        0x0 stm32f3xx_hal_adc_ex.o
                                 0x91 (size before relaxing)
 .rodata.HAL_NVIC_SetPriorityGrouping.str1.4
                0x0800a784        0x0 stm32f3xx_hal_cortex.o
                                 0x91 (size before relaxing)
 .rodata.HAL_DMA_Init.str1.4
                0x0800a784        0x0 stm32f3xx_hal_dma.o
                                 0x8e (size before relaxing)
 .rodata.HAL_GPIO_Init.str1.4
                0x0800a784        0x0 stm32f3xx_hal_gpio.o
                                 0x8f (size before relaxing)
 .rodata.HAL_HRTIM_Init.str1.4
                0x0800a784        0x0 stm32f3xx_hal_hrtim.o
                                 0x90 (size before relaxing)
 .rodata.I2C_TransferConfig.str1.4
                0x0800a784        0x0 stm32f3xx_hal_i2c.o
                                 0x8e (size before relaxing)
 .rodata.HAL_RCC_OscConfig.str1.4
                0x0800a784        0x0 stm32f3xx_hal_rcc.o
                                 0x8e (size before relaxing)
 .rodata.aPredivFactorTable
                0x0800a784       0x10 stm32f3xx_hal_rcc.o
 .rodata.aPLLMULFactorTable
                0x0800a794       0x10 stm32f3xx_hal_rcc.o
 .rodata.HAL_RCCEx_PeriphCLKConfig.str1.4
                0x0800a7a4        0x0 stm32f3xx_hal_rcc_ex.o
                                 0x91 (size before relaxing)
 .rodata.HAL_UART_DeInit.str1.4
                0x0800a7a4        0x0 stm32f3xx_hal_uart.o
                                 0x8f (size before relaxing)
 .rodata.CSWTCH.53
                0x0800a7a4        0x3 stm32f3xx_hal_uart.o
 *fill*         0x0800a7a7        0x1 
 .rodata.APBPrescTable
                0x0800a7a8        0x8 system_stm32f3xx.o
                0x0800a7a8                APBPrescTable
 .rodata.AHBPrescTable
                0x0800a7b0       0x10 system_stm32f3xx.o
                0x0800a7b0                AHBPrescTable
 .rodata.task_system.str1.4
                0x0800a7c0        0x0 task_system.o
                                 0x19 (size before relaxing)
 .rodata.task_ui.str1.4
                0x0800a7c0        0x0 task_ui.o
                                 0x1b (size before relaxing)
 .rodata.usart_hw_init.str1.4
                0x0800a7c0        0x0 usart_hw.o
                                  0x7 (size before relaxing)
 .rodata._strtod_l.str1.1
                0x0800a7c0      0x168 C:/Program Files (x86)/Arm/GNU Toolchain mingw-w64-i686-arm-none-eabi/bin/../lib/gcc/arm-none-eabi/15.2.1/../../../../arm-none-eabi/lib/thumb/v7e-m+fp/hard\libc_nano.a(libc_a-strtod.o)
                                  0xf (size before relaxing)
 .rodata.fpinan.0
                0x0800a928       0x14 C:/Program Files (x86)/Arm/GNU Toolchain mingw-w64-i686-arm-none-eabi/bin/../lib/gcc/arm-none-eabi/15.2.1/../../../../arm-none-eabi/lib/thumb/v7e-m+fp/hard\libc_nano.a(libc_a-strtod.o)
 .rodata.fpi.1  0x0800a93c       0x14 C:/Program Files (x86)/Arm/GNU Toolchain mingw-w64-i686-arm-none-eabi/bin/../lib/gcc/arm-none-eabi/15.2.1/../../../../arm-none-eabi/lib/thumb/v7e-m+fp/hard\libc_nano.a(libc_a-strtod.o)
 .rodata.tinytens
                0x0800a950       0x28 C:/Program Files (x86)/Arm/GNU Toolchain mingw-w64-i686-arm-none-eabi/bin/../lib/gcc/arm-none-eabi/15.2.1/../../../../arm-none-eabi/lib/thumb/v7e-m+fp/hard\libc_nano.a(libc_a-strtod.o)
 .rodata._setlocale_r.str1.1
                0x0800a978        0x0 C:/Program Files (x86)/Arm/GNU Toolchain mingw-w64-i686-arm-none-eabi/bin/../lib/gcc/arm-none-eabi/15.2.1/../../../../arm-none-eabi/lib/thumb/v7e-m+fp/hard\libc_nano.a(libc_a-locale.o)
                                  0x9 (size before relaxing)
 .rodata.str1.1
                0x0800a978        0x0 C:/Program Files (x86)/Arm/GNU Toolchain mingw-w64-i686-arm-none-eabi/bin/../lib/gcc/arm-none-eabi/15.2.1/../../../../arm-none-eabi/lib/thumb/v7e-m+fp/hard\libc_nano.a(libc_a-locale.o)
                                  0x2 (size before relaxing)
 .rodata.__gethex.str1.1
                0x0800a978        0x0 C:/Program Files (x86)/Arm/GNU Toolchain mingw-w64-i686-arm-none-eabi/bin/../lib/gcc/arm-none-eabi/15.2.1/../../../../arm-none-eabi/lib/thumb/v7e-m+fp/hard\libc_nano.a(libc_a-gdtoa-gethex.o)
                                 0x74 (size before relaxing)
 .rodata._Balloc.str1.1
                0x0800a978        0x0 C:/Program Files (x86)/Arm/GNU Toolchain mingw-w64-i686-arm-none-eabi/bin/../lib/gcc/arm-none-eabi/15.2.1/../../../../arm-none-eabi/lib/thumb/v7e-m+fp/hard\libc_nano.a(libc_a-mprec.o)
                                 0x71 (size before relaxing)
 .rodata.__multadd.str1.1
                0x0800a978        0x0 C:/Program Files (x86)/Arm/GNU Toolchain mingw-w64-i686-arm-none-eabi/bin/../lib/gcc/arm-none-eabi/15.2.1/../../../../arm-none-eabi/lib/thumb/v7e-m+fp/hard\libc_nano.a(libc_a-mprec.o)
                                 0x11 (size before relaxing)
 .rodata.p05.0  0x0800a978        0xc C:/Program Files (x86)/Arm/GNU Toolchain mingw-w64-i686-arm-none-eabi/bin/../lib/gcc/arm-none-eabi/15.2.1/../../../../arm-none-eabi/lib/thumb/v7e-m+fp/hard\libc_nano.a(libc_a-mprec.o)
 *fill*         0x0800a984        0x4 
 .rodata.__mprec_bigtens
                0x0800a988       0x28 C:/Program Files (x86)/Arm/GNU Toolchain mingw-w64-i686-arm-none-eabi/bin/../lib/gcc/arm-none-eabi/15.2.1/../../../../arm-none-eabi/lib/thumb/v7e-m+fp/hard\libc_nano.a(libc_a-mprec.o)
                0x0800a988                __mprec_bigtens
 .rodata.__mprec_tens
                0x0800a9b0       0xc8 C:/Program Files (x86)/Arm/GNU Toolchain mingw-w64-i686-arm-none-eabi/bin/../lib/gcc/arm-none-eabi/15.2.1/../../../../arm-none-eabi/lib/thumb/v7e-m+fp/hard\libc_nano.a(libc_a-mprec.o)
                0x0800a9b0                __mprec_tens
 .rodata._ctype_
                0x0800aa78      0x101 C:/Program Files (x86)/Arm/GNU Toolchain mingw-w64-i686-arm-none-eabi/bin/../lib/gcc/arm-none-eabi/15.2.1/../../../../arm-none-eabi/lib/thumb/v7e-m+fp/hard\libc_nano.a(libc_a-ctype_.o)
                0x0800aa78                _ctype_
 .rodata._svfprintf_r.str1.1
                0x0800ab79        0x0 C:/Program Files (x86)/Arm/GNU Toolchain mingw-w64-i686-arm-none-eabi/bin/../lib/gcc/arm-none-eabi/15.2.1/../../../../arm-none-eabi/lib/thumb/v7e-m+fp/hard\libc_nano.a(libc_a-nano-svfprintf.o)
                                 0x11 (size before relaxing)
 .rodata._printf_i.str1.1
                0x0800ab79        0x0 C:/Program Files (x86)/Arm/GNU Toolchain mingw-w64-i686-arm-none-eabi/bin/../lib/gcc/arm-none-eabi/15.2.1/../../../../arm-none-eabi/lib/thumb/v7e-m+fp/hard\libc_nano.a(libc_a-nano-vfprintf_i.o)
                                 0x22 (size before relaxing)
 .rodata.__assert_func.str1.1
                0x0800ab79        0x0 C:/Program Files (x86)/Arm/GNU Toolchain mingw-w64-i686-arm-none-eabi/bin/../lib/gcc/arm-none-eabi/15.2.1/../../../../arm-none-eabi/lib/thumb/v7e-m+fp/hard\libc_nano.a(libc_a-assert.o)
                                 0x3d (size before relaxing)
 .rodata._vfprintf_r.str1.1
                0x0800ab79        0x0 C:/Program Files (x86)/Arm/GNU Toolchain mingw-w64-i686-arm-none-eabi/bin/../lib/gcc/arm-none-eabi/15.2.1/../../../../arm-none-eabi/lib/thumb/v7e-m+fp/hard\libc_nano.a(libc_a-nano-vfprintf.o)
                                 0x11 (size before relaxing)
                0x0800ab7c                        . = ALIGN (0x4)
 *fill*         0x0800ab79        0x3 

.ARM.extab
 *(.ARM.extab* .gnu.linkonce.armextab.*)

.ARM            0x0800ab7c        0x8
                0x0800ab7c                        __exidx_start = .
 *(.ARM.exidx*)
 .ARM.exidx     0x0800ab7c        0x8 C:/Program Files (x86)/Arm/GNU Toolchain mingw-w64-i686-arm-none-eabi/bin/../lib/gcc/arm-none-eabi/15.2.1/../../../../arm-none-eabi/lib/thumb/v7e-m+fp/hard\libc_nano.a(libc_a-strlen.o)
 .ARM.exidx     0x0800ab84        0x0 C:/Program Files (x86)/Arm/GNU Toolchain mingw-w64-i686-arm-none-eabi/bin/../lib/gcc/arm-none-eabi/15.2.1/../../../../arm-none-eabi/lib/thumb/v7e-m+fp/hard\libc_nano.a(libc_a-memchr.o)
                                  0x8 (size before relaxing)
                0x0800ab84                        __exidx_end = .

.rel.dyn        0x0800ab84        0x0
 .rel.iplt      0x0800ab84        0x0 C:/Program Files (x86)/Arm/GNU Toolchain mingw-w64-i686-arm-none-eabi/bin/../lib/gcc/arm-none-eabi/15.2.1/thumb/v7e-m+fp/hard/crtbegin.o

.preinit_array  0x0800ab84        0x0
                0x0800ab84                        PROVIDE (__preinit_array_start = .)
 *(.preinit_array*)
                0x0800ab84                        PROVIDE (__preinit_array_end = .)

.init_array     0x0800ab84        0x4
                0x0800ab84                        PROVIDE (__init_array_start = .)
 *(SORT_BY_NAME(.init_array.*))
 *(.init_array*)
 .init_array    0x0800ab84        0x4 C:/Program Files (x86)/Arm/GNU Toolchain mingw-w64-i686-arm-none-eabi/bin/../lib/gcc/arm-none-eabi/15.2.1/thumb/v7e-m+fp/hard/crtbegin.o
                0x0800ab88                        PROVIDE (__init_array_end = .)

.fini_array     0x0800ab88        0x4
                [!provide]                        PROVIDE (__fini_array_start = .)
 *(SORT_BY_NAME(.fini_array.*))
 *(.fini_array*)
 .fini_array    0x0800ab88        0x4 C:/Program Files (x86)/Arm/GNU Toolchain mingw-w64-i686-arm-none-eabi/bin/../lib/gcc/arm-none-eabi/15.2.1/thumb/v7e-m+fp/hard/crtbegin.o
                [!provide]                        PROVIDE (__fini_array_end = .)
                0x0800ab8c                        _sidata = LOADADDR (.data)

.data           0x20000000      0x1e0 load address 0x0800ab8c
                0x20000000                        . = ALIGN (0x4)
                0x20000000                        _sdata = .
 *(.data)
 *(.data*)
 .data.temperature_actual
                0x20000000        0x4 adc_hw.o
 .data.uwTickFreq
                0x20000004        0x1 stm32f3xx_hal.o
                0x20000004                uwTickFreq
 *fill*         0x20000005        0x3 
 .data.uwTickPrio
                0x20000008        0x4 stm32f3xx_hal.o
                0x20000008                uwTickPrio
 .data.SystemCoreClock
                0x2000000c        0x4 system_stm32f3xx.o
                0x2000000c                SystemCoreClock
 .data.def_temperatureSetpoint
                0x20000010        0x4 task_control.o
                0x20000010                def_temperatureSetpoint
 .data.temp.0   0x20000014        0x4 task_ui.o
 .data.__sglue  0x20000018        0xc C:/Program Files (x86)/Arm/GNU Toolchain mingw-w64-i686-arm-none-eabi/bin/../lib/gcc/arm-none-eabi/15.2.1/../../../../arm-none-eabi/lib/thumb/v7e-m+fp/hard\libc_nano.a(libc_a-findfp.o)
                0x20000018                __sglue
 .data.__global_locale
                0x20000024      0x16c C:/Program Files (x86)/Arm/GNU Toolchain mingw-w64-i686-arm-none-eabi/bin/../lib/gcc/arm-none-eabi/15.2.1/../../../../arm-none-eabi/lib/thumb/v7e-m+fp/hard\libc_nano.a(libc_a-locale.o)
                0x20000024                __global_locale
 .data._impure_ptr
                0x20000190        0x4 C:/Program Files (x86)/Arm/GNU Toolchain mingw-w64-i686-arm-none-eabi/bin/../lib/gcc/arm-none-eabi/15.2.1/../../../../arm-none-eabi/lib/thumb/v7e-m+fp/hard\libc_nano.a(libc_a-impure.o)
                0x20000190                _impure_ptr
 .data._impure_data
                0x20000194       0x4c C:/Program Files (x86)/Arm/GNU Toolchain mingw-w64-i686-arm-none-eabi/bin/../lib/gcc/arm-none-eabi/15.2.1/../../../../arm-none-eabi/lib/thumb/v7e-m+fp/hard\libc_nano.a(libc_a-impure.o)
                0x20000194                _impure_data
                0x200001e0                        . = ALIGN (0x4)
                0x200001e0                        _edata = .
                0x0800ad6c                        _siccmram = LOADADDR (.ccmram)

.tm_clone_table
                0x200001e0        0x0 load address 0x0800ad6c
 .tm_clone_table
                0x200001e0        0x0 C:/Program Files (x86)/Arm/GNU Toolchain mingw-w64-i686-arm-none-eabi/bin/../lib/gcc/arm-none-eabi/15.2.1/thumb/v7e-m+fp/hard/crtbegin.o
 .tm_clone_table
                0x200001e0        0x0 C:/Program Files (x86)/Arm/GNU Toolchain mingw-w64-i686-arm-none-eabi/bin/../lib/gcc/arm-none-eabi/15.2.1/thumb/v7e-m+fp/hard/crtend.o

.igot.plt       0x200001e0        0x0 load address 0x0800ad6c
 .igot.plt      0x200001e0        0x0 C:/Program Files (x86)/Arm/GNU Toolchain mingw-w64-i686-arm-none-eabi/bin/../lib/gcc/arm-none-eabi/15.2.1/thumb/v7e-m+fp/hard/crtbegin.o

.ccmram         0x10000000        0x0 load address 0x0800ad6c
                0x10000000                        . = ALIGN (0x4)
                0x10000000                        _sccmram = .
 *(.ccmram)
 *(.ccmram*)
                0x10000000                        . = ALIGN (0x4)
                0x10000000                        _eccmram = .
                0x10000000                        . = ALIGN (0x4)

.bss            0x200001e0     0x1160
                0x200001e0                        _sbss = .
                0x200001e0                        __bss_start__ = _sbss
 *(.bss)
 *(.bss*)
 .bss.completed.1
                0x200001e0        0x1 C:/Program Files (x86)/Arm/GNU Toolchain mingw-w64-i686-arm-none-eabi/bin/../lib/gcc/arm-none-eabi/15.2.1/thumb/v7e-m+fp/hard/crtbegin.o
 *fill*         0x200001e1        0x3 
 .bss.object.0  0x200001e4       0x18 C:/Program Files (x86)/Arm/GNU Toolchain mingw-w64-i686-arm-none-eabi/bin/../lib/gcc/arm-none-eabi/15.2.1/thumb/v7e-m+fp/hard/crtbegin.o
 .bss.HAL_RCC_ADC12_CLK_ENABLED
                0x200001fc        0x4 adc.o
 .bss.hdma_adc1
                0x20000200       0x44 adc.o
                0x20000200                hdma_adc1
 .bss.hadc2     0x20000244       0x50 adc.o
                0x20000244                hadc2
 .bss.hadc1     0x20000294       0x50 adc.o
                0x20000294                hadc1
 .bss.registered_interfaces
                0x200002e4        0xc comm_buffers.o
 .bss.tx_buffer_mem
                0x200002f0      0x300 comm_buffers.o
 .bss.tx_buffers
                0x200005f0       0x3c comm_buffers.o
 .bss.rx_buffer_mem
                0x2000062c      0x300 comm_buffers.o
 .bss.rx_buffers
                0x2000092c       0x3c comm_buffers.o
 .bss.error_flags
                0x20000968        0x4 error_handler.o
 *fill*         0x2000096c        0x4 
 .bss.hhrtim1   0x20000970       0xdc hrtim.o
                0x20000970                hhrtim1
 .bss.sCompareCfg
                0x20000a4c        0xc hrtim_hw.o
 .bss.hi2c1     0x20000a58       0x54 i2c_hw.o
                0x20000a58                hi2c1
 .bss.i2c_tx_buf
                0x20000aac       0x85 oled_hw.o
 *fill*         0x20000b31        0x3 
 .bss.oled_buffer
                0x20000b34      0x400 oled_hw.o
 .bss.temp_pid  0x20000f34       0x34 pid_controller.o
 .bss.system_tick_ms
                0x20000f68        0x4 scheduler.o
 *fill*         0x20000f6c        0x4 
 .bss.tasks     0x20000f70       0x40 scheduler.o
 .bss.scpi_iface
                0x20000fb0       0x28 scpi_parser.o
 .bss.scpi_iface_p
                0x20000fd8        0x4 scpi_parser.o
 .bss.output_iface
                0x20000fdc        0x4 scpi_parser.o
 .bss.uwTick    0x20000fe0        0x4 stm32f3xx_hal.o
                0x20000fe0                uwTick
 .bss.heap_end.0
                0x20000fe4        0x4 syscalls.o
 .bss.output_iface_set.0
                0x20000fe8        0x1 task_comm.o
 *fill*         0x20000fe9        0x3 
 .bss.cmd_len   0x20000fec        0x4 task_comm.o
 .bss.cmd_buffer
                0x20000ff0       0x80 task_comm.o
 .bss.def_pidKd
                0x20001070        0x4 task_control.o
                0x20001070                def_pidKd
 .bss.def_pidKi
                0x20001074        0x4 task_control.o
                0x20001074                def_pidKi
 .bss.def_pidKp
                0x20001078        0x4 task_control.o
                0x20001078                def_pidKp
 .bss.update_counter.1
                0x2000107c        0x4 task_ui.o
 .bss.dma_uart_rx_buffer
                0x20001080       0x40 usart.o
                0x20001080                dma_uart_rx_buffer
 .bss.hdma_usart2_tx
                0x200010c0       0x44 usart.o
                0x200010c0                hdma_usart2_tx
 *fill*         0x20001104        0x4 
 .bss.hdma_usart2_rx
                0x20001108       0x44 usart.o
                0x20001108                hdma_usart2_rx
 *fill*         0x2000114c        0x4 
 .bss.huart2    0x20001150       0x88 usart.o
                0x20001150                huart2
 .bss.usart_interface
                0x200011d8       0x1c usart_hw.o
 .bss.__sf      0x200011f4      0x138 C:/Program Files (x86)/Arm/GNU Toolchain mingw-w64-i686-arm-none-eabi/bin/../lib/gcc/arm-none-eabi/15.2.1/../../../../arm-none-eabi/lib/thumb/v7e-m+fp/hard\libc_nano.a(libc_a-findfp.o)
                0x200011f4                __sf
 .bss.__stdio_exit_handler
                0x2000132c        0x4 C:/Program Files (x86)/Arm/GNU Toolchain mingw-w64-i686-arm-none-eabi/bin/../lib/gcc/arm-none-eabi/15.2.1/../../../../arm-none-eabi/lib/thumb/v7e-m+fp/hard\libc_nano.a(libc_a-findfp.o)
                0x2000132c                __stdio_exit_handler
 .bss.errno     0x20001330        0x4 C:/Program Files (x86)/Arm/GNU Toolchain mingw-w64-i686-arm-none-eabi/bin/../lib/gcc/arm-none-eabi/15.2.1/../../../../arm-none-eabi/lib/thumb/v7e-m+fp/hard\libc_nano.a(libc_a-reent.o)
                0x20001330                errno
 .bss.__lock___malloc_recursive_mutex
                0x20001334        0x1 C:/Program Files (x86)/Arm/GNU Toolchain mingw-w64-i686-arm-none-eabi/bin/../lib/gcc/arm-none-eabi/15.2.1/../../../../arm-none-eabi/lib/thumb/v7e-m+fp/hard\libc_nano.a(libc_a-lock.o)
                0x20001334                __lock___malloc_recursive_mutex
 .bss.__lock___sfp_recursive_mutex
                0x20001335        0x1 C:/Program Files (x86)/Arm/GNU Toolchain mingw-w64-i686-arm-none-eabi/bin/../lib/gcc/arm-none-eabi/15.2.1/../../../../arm-none-eabi/lib/thumb/v7e-m+fp/hard\libc_nano.a(libc_a-lock.o)
                0x20001335                __lock___sfp_recursive_mutex
 *fill*         0x20001336        0x2 
 .bss.__malloc_sbrk_start
                0x20001338        0x4 C:/Program Files (x86)/Arm/GNU Toolchain mingw-w64-i686-arm-none-eabi/bin/../lib/gcc/arm-none-eabi/15.2.1/../../../../arm-none-eabi/lib/thumb/v7e-m+fp/hard\libc_nano.a(libc_a-mallocr.o)
                0x20001338                __malloc_sbrk_start
 .bss.__malloc_free_list
                0x2000133c        0x4 C:/Program Files (x86)/Arm/GNU Toolchain mingw-w64-i686-arm-none-eabi/bin/../lib/gcc/arm-none-eabi/15.2.1/../../../../arm-none-eabi/lib/thumb/v7e-m+fp/hard\libc_nano.a(libc_a-mallocr.o)
                0x2000133c                __malloc_free_list
 *(COMMON)
                0x20001340                        . = ALIGN (0x4)
                0x20001340                        _ebss = .
                0x20001340                        __bss_end__ = _ebss

._user_heap_stack
                0x20001340      0xa00
                0x20001340                        . = ALIGN (0x8)
                0x20001340                        PROVIDE (end = .)
                [!provide]                        PROVIDE (_end = .)
                0x20001b40                        . = (. + _Min_Heap_Size)
 *fill*         0x20001340      0x800 
                0x20001d40                        . = (. + _Min_Stack_Size)
 *fill*         0x20001b40      0x200 
                0x20001d40                        . = ALIGN (0x8)

/DISCARD/
 libc.a(*)
 libm.a(*)
 libgcc.a(*)

.ARM.attributes
                0x00000000       0x30
 *(.ARM.attributes)
 .ARM.attributes
                0x00000000       0x22 C:/Program Files (x86)/Arm/GNU Toolchain mingw-w64-i686-arm-none-eabi/bin/../lib/gcc/arm-none-eabi/15.2.1/thumb/v7e-m+fp/hard/crti.o
 .ARM.attributes
                0x00000022       0x34 C:/Program Files (x86)/Arm/GNU Toolchain mingw-w64-i686-arm-none-eabi/bin/../lib/gcc/arm-none-eabi/15.2.1/thumb/v7e-m+fp/hard/crtbegin.o
 .ARM.attributes
                0x00000056       0x34 adc.o
 .ARM.attributes
                0x0000008a       0x34 adc_hw.o
 .ARM.attributes
                0x000000be       0x34 arm_pid_init_f32.o
 .ARM.attributes
                0x000000f2       0x34 circular_buffer.o
 .ARM.attributes
                0x00000126       0x34 comm_buffers.o
 .ARM.attributes
                0x0000015a       0x34 dma.o
 .ARM.attributes
                0x0000018e       0x34 error_handler.o
 .ARM.attributes
                0x000001c2       0x34 gpio.o
 .ARM.attributes
                0x000001f6       0x34 hrtim.o
 .ARM.attributes
                0x0000022a       0x34 hrtim_hw.o
 .ARM.attributes
                0x0000025e       0x34 i2c_hw.o
 .ARM.attributes
                0x00000292       0x34 main.o
 .ARM.attributes
                0x000002c6       0x34 oled_hw.o
 .ARM.attributes
                0x000002fa       0x34 pid_controller.o
 .ARM.attributes
                0x0000032e       0x34 scheduler.o
 .ARM.attributes
                0x00000362       0x34 scpi_parser.o
 .ARM.attributes
                0x00000396       0x21 startup_stm32f334x8.o
 .ARM.attributes
                0x000003b7       0x34 stm32f3xx_hal.o
 .ARM.attributes
                0x000003eb       0x34 stm32f3xx_hal_adc_ex.o
 .ARM.attributes
                0x0000041f       0x34 stm32f3xx_hal_cortex.o
 .ARM.attributes
                0x00000453       0x34 stm32f3xx_hal_dma.o
 .ARM.attributes
                0x00000487       0x34 stm32f3xx_hal_gpio.o
 .ARM.attributes
                0x000004bb       0x34 stm32f3xx_hal_hrtim.o
 .ARM.attributes
                0x000004ef       0x34 stm32f3xx_hal_i2c.o
 .ARM.attributes
                0x00000523       0x34 stm32f3xx_hal_msp.o
 .ARM.attributes
                0x00000557       0x34 stm32f3xx_hal_rcc.o
 .ARM.attributes
                0x0000058b       0x34 stm32f3xx_hal_rcc_ex.o
 .ARM.attributes
                0x000005bf       0x34 stm32f3xx_hal_uart.o
 .ARM.attributes
                0x000005f3       0x34 stm32f3xx_hal_uart_ex.o
 .ARM.attributes
                0x00000627       0x34 stm32f3xx_it.o
 .ARM.attributes
                0x0000065b       0x34 syscalls.o
 .ARM.attributes
                0x0000068f       0x34 system_stm32f3xx.o
 .ARM.attributes
                0x000006c3       0x34 task_comm.o
 .ARM.attributes
                0x000006f7       0x34 task_control.o
 .ARM.attributes
                0x0000072b       0x34 task_system.o
 .ARM.attributes
                0x0000075f       0x34 task_ui.o
 .ARM.attributes
                0x00000793       0x34 usart.o
 .ARM.attributes
                0x000007c7       0x34 usart_hw.o
 .ARM.attributes
                0x000007fb       0x22 C:/Program Files (x86)/Arm/GNU Toolchain mingw-w64-i686-arm-none-eabi/bin/../lib/gcc/arm-none-eabi/15.2.1/thumb/v7e-m+fp/hard\libgcc.a(_arm_addsubdf3.o)
 .ARM.attributes
                0x0000081d       0x22 C:/Program Files (x86)/Arm/GNU Toolchain mingw-w64-i686-arm-none-eabi/bin/../lib/gcc/arm-none-eabi/15.2.1/thumb/v7e-m+fp/hard\libgcc.a(_arm_truncdfsf2.o)
 .ARM.attributes
                0x0000083f       0x34 C:/Program Files (x86)/Arm/GNU Toolchain mingw-w64-i686-arm-none-eabi/bin/../lib/gcc/arm-none-eabi/15.2.1/../../../../arm-none-eabi/lib/thumb/v7e-m+fp/hard\libc_nano.a(libc_a-atof.o)
 .ARM.attributes
                0x00000873       0x34 C:/Program Files (x86)/Arm/GNU Toolchain mingw-w64-i686-arm-none-eabi/bin/../lib/gcc/arm-none-eabi/15.2.1/../../../../arm-none-eabi/lib/thumb/v7e-m+fp/hard\libc_nano.a(libc_a-strtod.o)
 .ARM.attributes
                0x000008a7       0x34 C:/Program Files (x86)/Arm/GNU Toolchain mingw-w64-i686-arm-none-eabi/bin/../lib/gcc/arm-none-eabi/15.2.1/../../../../arm-none-eabi/lib/thumb/v7e-m+fp/hard\libc_nano.a(libc_a-findfp.o)
 .ARM.attributes
                0x000008db       0x34 C:/Program Files (x86)/Arm/GNU Toolchain mingw-w64-i686-arm-none-eabi/bin/../lib/gcc/arm-none-eabi/15.2.1/../../../../arm-none-eabi/lib/thumb/v7e-m+fp/hard\libc_nano.a(libc_a-fwalk.o)
 .ARM.attributes
                0x0000090f       0x34 C:/Program Files (x86)/Arm/GNU Toolchain mingw-w64-i686-arm-none-eabi/bin/../lib/gcc/arm-none-eabi/15.2.1/../../../../arm-none-eabi/lib/thumb/v7e-m+fp/hard\libc_nano.a(libc_a-snprintf.o)
 .ARM.attributes
                0x00000943       0x34 C:/Program Files (x86)/Arm/GNU Toolchain mingw-w64-i686-arm-none-eabi/bin/../lib/gcc/arm-none-eabi/15.2.1/../../../../arm-none-eabi/lib/thumb/v7e-m+fp/hard\libc_nano.a(libc_a-stdio.o)
 .ARM.attributes
                0x00000977       0x34 C:/Program Files (x86)/Arm/GNU Toolchain mingw-w64-i686-arm-none-eabi/bin/../lib/gcc/arm-none-eabi/15.2.1/../../../../arm-none-eabi/lib/thumb/v7e-m+fp/hard\libc_nano.a(libc_a-memset.o)
 .ARM.attributes
                0x000009ab       0x34 C:/Program Files (x86)/Arm/GNU Toolchain mingw-w64-i686-arm-none-eabi/bin/../lib/gcc/arm-none-eabi/15.2.1/../../../../arm-none-eabi/lib/thumb/v7e-m+fp/hard\libc_nano.a(libc_a-strncmp.o)
 .ARM.attributes
                0x000009df       0x34 C:/Program Files (x86)/Arm/GNU Toolchain mingw-w64-i686-arm-none-eabi/bin/../lib/gcc/arm-none-eabi/15.2.1/../../../../arm-none-eabi/lib/thumb/v7e-m+fp/hard\libc_nano.a(libc_a-locale.o)
 .ARM.attributes
                0x00000a13       0x34 C:/Program Files (x86)/Arm/GNU Toolchain mingw-w64-i686-arm-none-eabi/bin/../lib/gcc/arm-none-eabi/15.2.1/../../../../arm-none-eabi/lib/thumb/v7e-m+fp/hard\libc_nano.a(libc_a-closer.o)
 .ARM.attributes
                0x00000a47       0x34 C:/Program Files (x86)/Arm/GNU Toolchain mingw-w64-i686-arm-none-eabi/bin/../lib/gcc/arm-none-eabi/15.2.1/../../../../arm-none-eabi/lib/thumb/v7e-m+fp/hard\libc_nano.a(libc_a-reent.o)
 .ARM.attributes
                0x00000a7b       0x34 C:/Program Files (x86)/Arm/GNU Toolchain mingw-w64-i686-arm-none-eabi/bin/../lib/gcc/arm-none-eabi/15.2.1/../../../../arm-none-eabi/lib/thumb/v7e-m+fp/hard\libc_nano.a(libc_a-impure.o)
 .ARM.attributes
                0x00000aaf       0x34 C:/Program Files (x86)/Arm/GNU Toolchain mingw-w64-i686-arm-none-eabi/bin/../lib/gcc/arm-none-eabi/15.2.1/../../../../arm-none-eabi/lib/thumb/v7e-m+fp/hard\libc_nano.a(libc_a-lseekr.o)
 .ARM.attributes
                0x00000ae3       0x34 C:/Program Files (x86)/Arm/GNU Toolchain mingw-w64-i686-arm-none-eabi/bin/../lib/gcc/arm-none-eabi/15.2.1/../../../../arm-none-eabi/lib/thumb/v7e-m+fp/hard\libc_nano.a(libc_a-readr.o)
 .ARM.attributes
                0x00000b17       0x34 C:/Program Files (x86)/Arm/GNU Toolchain mingw-w64-i686-arm-none-eabi/bin/../lib/gcc/arm-none-eabi/15.2.1/../../../../arm-none-eabi/lib/thumb/v7e-m+fp/hard\libc_nano.a(libc_a-writer.o)
 .ARM.attributes
                0x00000b4b       0x34 C:/Program Files (x86)/Arm/GNU Toolchain mingw-w64-i686-arm-none-eabi/bin/../lib/gcc/arm-none-eabi/15.2.1/../../../../arm-none-eabi/lib/thumb/v7e-m+fp/hard\libc_nano.a(libc_a-errno.o)
 .ARM.attributes
                0x00000b7f       0x34 C:/Program Files (x86)/Arm/GNU Toolchain mingw-w64-i686-arm-none-eabi/bin/../lib/gcc/arm-none-eabi/15.2.1/../../../../arm-none-eabi/lib/thumb/v7e-m+fp/hard\libc_nano.a(libc_a-init.o)
 .ARM.attributes
                0x00000bb3       0x34 C:/Program Files (x86)/Arm/GNU Toolchain mingw-w64-i686-arm-none-eabi/bin/../lib/gcc/arm-none-eabi/15.2.1/../../../../arm-none-eabi/lib/thumb/v7e-m+fp/hard\libc_nano.a(libc_a-lock.o)
 .ARM.attributes
                0x00000be7       0x34 C:/Program Files (x86)/Arm/GNU Toolchain mingw-w64-i686-arm-none-eabi/bin/../lib/gcc/arm-none-eabi/15.2.1/../../../../arm-none-eabi/lib/thumb/v7e-m+fp/hard\libc_nano.a(libc_a-memcpy-stub.o)
 .ARM.attributes
                0x00000c1b       0x17 C:/Program Files (x86)/Arm/GNU Toolchain mingw-w64-i686-arm-none-eabi/bin/../lib/gcc/arm-none-eabi/15.2.1/../../../../arm-none-eabi/lib/thumb/v7e-m+fp/hard\libc_nano.a(libc_a-strlen.o)
 .ARM.attributes
                0x00000c32       0x34 C:/Program Files (x86)/Arm/GNU Toolchain mingw-w64-i686-arm-none-eabi/bin/../lib/gcc/arm-none-eabi/15.2.1/../../../../arm-none-eabi/lib/thumb/v7e-m+fp/hard\libc_nano.a(libm_a-s_nan.o)
 .ARM.attributes
                0x00000c66       0x34 C:/Program Files (x86)/Arm/GNU Toolchain mingw-w64-i686-arm-none-eabi/bin/../lib/gcc/arm-none-eabi/15.2.1/../../../../arm-none-eabi/lib/thumb/v7e-m+fp/hard\libc_nano.a(libc_a-freer.o)
 .ARM.attributes
                0x00000c9a       0x34 C:/Program Files (x86)/Arm/GNU Toolchain mingw-w64-i686-arm-none-eabi/bin/../lib/gcc/arm-none-eabi/15.2.1/../../../../arm-none-eabi/lib/thumb/v7e-m+fp/hard\libc_nano.a(libc_a-gdtoa-gethex.o)
 .ARM.attributes
                0x00000cce       0x34 C:/Program Files (x86)/Arm/GNU Toolchain mingw-w64-i686-arm-none-eabi/bin/../lib/gcc/arm-none-eabi/15.2.1/../../../../arm-none-eabi/lib/thumb/v7e-m+fp/hard\libc_nano.a(libc_a-gdtoa-hexnan.o)
 .ARM.attributes
                0x00000d02       0x34 C:/Program Files (x86)/Arm/GNU Toolchain mingw-w64-i686-arm-none-eabi/bin/../lib/gcc/arm-none-eabi/15.2.1/../../../../arm-none-eabi/lib/thumb/v7e-m+fp/hard\libc_nano.a(libc_a-mallocr.o)
 .ARM.attributes
                0x00000d36       0x34 C:/Program Files (x86)/Arm/GNU Toolchain mingw-w64-i686-arm-none-eabi/bin/../lib/gcc/arm-none-eabi/15.2.1/../../../../arm-none-eabi/lib/thumb/v7e-m+fp/hard\libc_nano.a(libc_a-mbtowc_r.o)
 .ARM.attributes
                0x00000d6a       0x34 C:/Program Files (x86)/Arm/GNU Toolchain mingw-w64-i686-arm-none-eabi/bin/../lib/gcc/arm-none-eabi/15.2.1/../../../../arm-none-eabi/lib/thumb/v7e-m+fp/hard\libc_nano.a(libc_a-mlock.o)
 .ARM.attributes
                0x00000d9e       0x34 C:/Program Files (x86)/Arm/GNU Toolchain mingw-w64-i686-arm-none-eabi/bin/../lib/gcc/arm-none-eabi/15.2.1/../../../../arm-none-eabi/lib/thumb/v7e-m+fp/hard\libc_nano.a(libc_a-mprec.o)
 .ARM.attributes
                0x00000dd2       0x34 C:/Program Files (x86)/Arm/GNU Toolchain mingw-w64-i686-arm-none-eabi/bin/../lib/gcc/arm-none-eabi/15.2.1/../../../../arm-none-eabi/lib/thumb/v7e-m+fp/hard\libc_nano.a(libc_a-wctomb_r.o)
 .ARM.attributes
                0x00000e06       0x34 C:/Program Files (x86)/Arm/GNU Toolchain mingw-w64-i686-arm-none-eabi/bin/../lib/gcc/arm-none-eabi/15.2.1/../../../../arm-none-eabi/lib/thumb/v7e-m+fp/hard\libc_nano.a(libc_a-ctype_.o)
 .ARM.attributes
                0x00000e3a       0x34 C:/Program Files (x86)/Arm/GNU Toolchain mingw-w64-i686-arm-none-eabi/bin/../lib/gcc/arm-none-eabi/15.2.1/../../../../arm-none-eabi/lib/thumb/v7e-m+fp/hard\libc_nano.a(libc_a-nano-svfprintf.o)
 .ARM.attributes
                0x00000e6e       0x34 C:/Program Files (x86)/Arm/GNU Toolchain mingw-w64-i686-arm-none-eabi/bin/../lib/gcc/arm-none-eabi/15.2.1/../../../../arm-none-eabi/lib/thumb/v7e-m+fp/hard\libc_nano.a(libc_a-nano-vfprintf_i.o)
 .ARM.attributes